Archive member included to satisfy reference by file (symbol)

d:/courses/embeddedsystems/sdk/imt_sdk_win_64/winarm/armgcc/12.3.1-1.1.1/.content/bin/../lib/gcc/arm-none-eabi/12.3.1/thumb/v7e-m/nofp\libgcc.a(_arm_muldf3.o)
                              ./src/STK_program.o (__aeabi_dmul)
d:/courses/embeddedsystems/sdk/imt_sdk_win_64/winarm/armgcc/12.3.1-1.1.1/.content/bin/../lib/gcc/arm-none-eabi/12.3.1/thumb/v7e-m/nofp\libgcc.a(_arm_addsubdf3.o)
                              ./src/STK_program.o (__aeabi_ui2d)
d:/courses/embeddedsystems/sdk/imt_sdk_win_64/winarm/armgcc/12.3.1-1.1.1/.content/bin/../lib/gcc/arm-none-eabi/12.3.1/thumb/v7e-m/nofp\libgcc.a(_arm_fixunsdfsi.o)
                              ./src/STK_program.o (__aeabi_d2uiz)
d:/courses/embeddedsystems/sdk/imt_sdk_win_64/winarm/armgcc/12.3.1-1.1.1/.content/bin/../lib/gcc/arm-none-eabi/12.3.1/thumb/v7e-m/nofp\libgcc.a(_aeabi_uldivmod.o)
                              ./system/src/stm32f4-hal/stm32f4xx_hal_rcc.o (__aeabi_uldivmod)
d:/courses/embeddedsystems/sdk/imt_sdk_win_64/winarm/armgcc/12.3.1-1.1.1/.content/bin/../lib/gcc/arm-none-eabi/12.3.1/thumb/v7e-m/nofp\libgcc.a(_udivmoddi4.o)
                              d:/courses/embeddedsystems/sdk/imt_sdk_win_64/winarm/armgcc/12.3.1-1.1.1/.content/bin/../lib/gcc/arm-none-eabi/12.3.1/thumb/v7e-m/nofp\libgcc.a(_aeabi_uldivmod.o) (__udivmoddi4)
d:/courses/embeddedsystems/sdk/imt_sdk_win_64/winarm/armgcc/12.3.1-1.1.1/.content/bin/../lib/gcc/arm-none-eabi/12.3.1/thumb/v7e-m/nofp\libgcc.a(_dvmd_tls.o)
                              d:/courses/embeddedsystems/sdk/imt_sdk_win_64/winarm/armgcc/12.3.1-1.1.1/.content/bin/../lib/gcc/arm-none-eabi/12.3.1/thumb/v7e-m/nofp\libgcc.a(_aeabi_uldivmod.o) (__aeabi_ldiv0)
d:/courses/embeddedsystems/sdk/imt_sdk_win_64/winarm/armgcc/12.3.1-1.1.1/.content/bin/../lib/gcc/arm-none-eabi/12.3.1/../../../../arm-none-eabi/lib/thumb/v7e-m/nofp\libg_nano.a(libc_a-vsnprintf.o)
                              ./system/src/diag/trace.o (vsnprintf)
d:/courses/embeddedsystems/sdk/imt_sdk_win_64/winarm/armgcc/12.3.1-1.1.1/.content/bin/../lib/gcc/arm-none-eabi/12.3.1/../../../../arm-none-eabi/lib/thumb/v7e-m/nofp\libg_nano.a(libc_a-impure.o)
                              d:/courses/embeddedsystems/sdk/imt_sdk_win_64/winarm/armgcc/12.3.1-1.1.1/.content/bin/../lib/gcc/arm-none-eabi/12.3.1/../../../../arm-none-eabi/lib/thumb/v7e-m/nofp\libg_nano.a(libc_a-vsnprintf.o) (_impure_ptr)
d:/courses/embeddedsystems/sdk/imt_sdk_win_64/winarm/armgcc/12.3.1-1.1.1/.content/bin/../lib/gcc/arm-none-eabi/12.3.1/../../../../arm-none-eabi/lib/thumb/v7e-m/nofp\libg_nano.a(libc_a-errno.o)
                              ./system/src/newlib/sbrk.o (__errno)
d:/courses/embeddedsystems/sdk/imt_sdk_win_64/winarm/armgcc/12.3.1-1.1.1/.content/bin/../lib/gcc/arm-none-eabi/12.3.1/../../../../arm-none-eabi/lib/thumb/v7e-m/nofp\libg_nano.a(libc_a-strlen.o)
                              ./system/src/diag/trace.o (strlen)
d:/courses/embeddedsystems/sdk/imt_sdk_win_64/winarm/armgcc/12.3.1-1.1.1/.content/bin/../lib/gcc/arm-none-eabi/12.3.1/../../../../arm-none-eabi/lib/thumb/v7e-m/nofp\libg_nano.a(libc_a-nano-svfprintf.o)
                              d:/courses/embeddedsystems/sdk/imt_sdk_win_64/winarm/armgcc/12.3.1-1.1.1/.content/bin/../lib/gcc/arm-none-eabi/12.3.1/../../../../arm-none-eabi/lib/thumb/v7e-m/nofp\libg_nano.a(libc_a-vsnprintf.o) (_svfprintf_r)
d:/courses/embeddedsystems/sdk/imt_sdk_win_64/winarm/armgcc/12.3.1-1.1.1/.content/bin/../lib/gcc/arm-none-eabi/12.3.1/../../../../arm-none-eabi/lib/thumb/v7e-m/nofp\libg_nano.a(libc_a-nano-vfprintf_i.o)
                              d:/courses/embeddedsystems/sdk/imt_sdk_win_64/winarm/armgcc/12.3.1-1.1.1/.content/bin/../lib/gcc/arm-none-eabi/12.3.1/../../../../arm-none-eabi/lib/thumb/v7e-m/nofp\libg_nano.a(libc_a-nano-svfprintf.o) (_printf_i)
d:/courses/embeddedsystems/sdk/imt_sdk_win_64/winarm/armgcc/12.3.1-1.1.1/.content/bin/../lib/gcc/arm-none-eabi/12.3.1/../../../../arm-none-eabi/lib/thumb/v7e-m/nofp\libg_nano.a(libc_a-memmove.o)
                              d:/courses/embeddedsystems/sdk/imt_sdk_win_64/winarm/armgcc/12.3.1-1.1.1/.content/bin/../lib/gcc/arm-none-eabi/12.3.1/../../../../arm-none-eabi/lib/thumb/v7e-m/nofp\libg_nano.a(libc_a-nano-svfprintf.o) (memmove)
d:/courses/embeddedsystems/sdk/imt_sdk_win_64/winarm/armgcc/12.3.1-1.1.1/.content/bin/../lib/gcc/arm-none-eabi/12.3.1/../../../../arm-none-eabi/lib/thumb/v7e-m/nofp\libg_nano.a(libc_a-memchr.o)
                              d:/courses/embeddedsystems/sdk/imt_sdk_win_64/winarm/armgcc/12.3.1-1.1.1/.content/bin/../lib/gcc/arm-none-eabi/12.3.1/../../../../arm-none-eabi/lib/thumb/v7e-m/nofp\libg_nano.a(libc_a-nano-svfprintf.o) (memchr)
d:/courses/embeddedsystems/sdk/imt_sdk_win_64/winarm/armgcc/12.3.1-1.1.1/.content/bin/../lib/gcc/arm-none-eabi/12.3.1/../../../../arm-none-eabi/lib/thumb/v7e-m/nofp\libg_nano.a(libc_a-memcpy-stub.o)
[...]
Memory Configuration

Name             Origin             Length             Attributes
RAM              0x20000000         0x00010000         xrw
CCMRAM           0x10000000         0x00000000         xrw
FLASH            0x08004000         0x0001c000         xr
FLASHB1          0x00000000         0x00000000         xr
EXTMEMB0         0x00000000         0x00000000         xr
EXTMEMB1         0x00000000         0x00000000         xr
EXTMEMB2         0x00000000         0x00000000         xr
EXTMEMB3         0x00000000         0x00000000         xr
*default*        0x00000000         0xffffffff

Linker script and memory map

LOAD ./system/src/stm32f4-hal/stm32f4xx_hal.o
LOAD ./system/src/stm32f4-hal/stm32f4xx_hal_cortex.o
LOAD ./system/src/stm32f4-hal/stm32f4xx_hal_flash.o
LOAD ./system/src/stm32f4-hal/stm32f4xx_hal_flash_ex.o
LOAD ./system/src/stm32f4-hal/stm32f4xx_hal_flash_ramfunc.o
LOAD ./system/src/stm32f4-hal/stm32f4xx_hal_gpio.o
LOAD ./system/src/stm32f4-hal/stm32f4xx_hal_iwdg.o
LOAD ./system/src/stm32f4-hal/stm32f4xx_hal_pwr.o
LOAD ./system/src/stm32f4-hal/stm32f4xx_hal_rcc.o
LOAD ./system/src/newlib/assert.o
LOAD ./system/src/newlib/cxx.o
LOAD ./system/src/newlib/exit.o
LOAD ./system/src/newlib/sbrk.o
LOAD ./system/src/newlib/startup.o
LOAD ./system/src/newlib/syscalls.o
LOAD ./system/src/diag/trace-impl.o
LOAD ./system/src/diag/trace.o
LOAD ./system/src/cortexm/exception-handlers.o
LOAD ./system/src/cortexm/initialize-hardware.o
LOAD ./system/src/cortexm/reset-hardware.o
LOAD ./system/src/cmsis/system_stm32f4xx.o
LOAD ./system/src/cmsis/vectors_stm32f401xc.o
LOAD ./src/EXTI_program.o
LOAD ./src/GPIO_program.o
LOAD ./src/NVIC_program.o
LOAD ./src/RCC_program.o
LOAD ./src/STK_program.o
LOAD ./src/main.o
LOAD d:/courses/embeddedsystems/sdk/imt_sdk_win_64/winarm/armgcc/12.3.1-1.1.1/.content/bin/../lib/gcc/arm-none-eabi/12.3.1/../../../../arm-none-eabi/lib/thumb/v7e-m/nofp\libstdc++_nano.a
LOAD d:/courses/embeddedsystems/sdk/imt_sdk_win_64/winarm/armgcc/12.3.1-1.1.1/.content/bin/../lib/gcc/arm-none-eabi/12.3.1/../../../../arm-none-eabi/lib/thumb/v7e-m/nofp\libm.a
START GROUP
LOAD d:/courses/embeddedsystems/sdk/imt_sdk_win_64/winarm/armgcc/12.3.1-1.1.1/.content/bin/../lib/gcc/arm-none-eabi/12.3.1/thumb/v7e-m/nofp\libgcc.a
LOAD d:/courses/embeddedsystems/sdk/imt_sdk_win_64/winarm/armgcc/12.3.1-1.1.1/.content/bin/../lib/gcc/arm-none-eabi/12.3.1/../../../../arm-none-eabi/lib/thumb/v7e-m/nofp\libg_nano.a
LOAD d:/courses/embeddedsystems/sdk/imt_sdk_win_64/winarm/armgcc/12.3.1-1.1.1/.content/bin/../lib/gcc/arm-none-eabi/12.3.1/../../../../arm-none-eabi/lib/thumb/v7e-m/nofp\libc_nano.a
END GROUP
START GROUP
LOAD d:/courses/embeddedsystems/sdk/imt_sdk_win_64/winarm/armgcc/12.3.1-1.1.1/.content/bin/../lib/gcc/arm-none-eabi/12.3.1/thumb/v7e-m/nofp\libgcc.a
LOAD d:/courses/embeddedsystems/sdk/imt_sdk_win_64/winarm/armgcc/12.3.1-1.1.1/.content/bin/../lib/gcc/arm-none-eabi/12.3.1/../../../../arm-none-eabi/lib/thumb/v7e-m/nofp\libc_nano.a
END GROUP
                0x20010000                        __stack = (ORIGIN (RAM) + LENGTH (RAM))
                0x20010000                        _estack = __stack
                0x00000400                        __Main_Stack_Size = 0x400
                [!provide]                        PROVIDE (_Main_Stack_Size = __Main_Stack_Size)
                0x2000fc00                        __Main_Stack_Limit = (__stack - __Main_Stack_Size)
                [!provide]                        PROVIDE (_Main_Stack_Limit = __Main_Stack_Limit)
                0x00000100                        _Minimum_Stack_Size = 0x100
                0x20000150                        PROVIDE (_Heap_Begin = _end_noinit)
                0x2000fc00                        PROVIDE (_Heap_Limit = (__stack - __Main_Stack_Size))

.isr_vector     0x08004000      0x3f4
 FILL mask 0xff
                0x08004000                        __vectors_start = ABSOLUTE (.)
                0x08004000                        __vectors_start__ = ABSOLUTE (.)
 *(.isr_vector)
 .isr_vector    0x08004000      0x194 ./system/src/cmsis/vectors_stm32f401xc.o
                0x08004000                __isr_vectors
 *(.cfmconfig)
 *(.after_vectors .after_vectors.*)
 .after_vectors
                0x08004194      0x130 ./system/src/newlib/startup.o
                0x08004194                _start
 .after_vectors
                0x080042c4      0x12c ./system/src/cortexm/exception-handlers.o
                0x080042c4                Reset_Handler
                0x080042ca                NMI_Handler
                0x080042ce                HardFault_Handler
                0x080042e2                HardFault_Handler_C
                0x08004340                MemManage_Handler
                0x08004344                BusFault_Handler
                0x08004358                BusFault_Handler_C
                0x0800438c                UsageFault_Handler
                0x080043a0                UsageFault_Handler_C
                0x080043d4                SVC_Handler
                0x080043d8                DebugMon_Handler
                0x080043dc                PendSV_Handler
 .after_vectors
                0x080043f0        0x4 ./system/src/cmsis/vectors_stm32f401xc.o
                0x080043f0                RTC_Alarm_IRQHandler
                0x080043f0                SPI4_IRQHandler
                0x080043f0                TIM1_CC_IRQHandler
                0x080043f0                DMA2_Stream5_IRQHandler
                0x080043f0                DMA1_Stream5_IRQHandler
                0x080043f0                PVD_IRQHandler
                0x080043f0                SDIO_IRQHandler
                0x080043f0                TAMP_STAMP_IRQHandler
                0x080043f0                TIM1_UP_TIM10_IRQHandler
                0x080043f0                I2C3_ER_IRQHandler
                0x080043f0                I2C2_EV_IRQHandler
                0x080043f0                DMA1_Stream2_IRQHandler
                0x080043f0                FPU_IRQHandler
                0x080043f0                DMA2_Stream2_IRQHandler
                0x080043f0                SPI1_IRQHandler
                0x080043f0                TIM1_BRK_TIM9_IRQHandler
                0x080043f0                DMA2_Stream3_IRQHandler
                0x080043f0                USART6_IRQHandler
                0x080043f0                DMA2_Stream0_IRQHandler
                0x080043f0                TIM4_IRQHandler
                0x080043f0                I2C1_EV_IRQHandler
                0x080043f0                DMA1_Stream6_IRQHandler
                0x080043f0                DMA1_Stream1_IRQHandler
                0x080043f0                TIM3_IRQHandler
                0x080043f0                RCC_IRQHandler
                0x080043f0                Default_Handler
                0x080043f0                ADC_IRQHandler
                0x080043f0                DMA1_Stream7_IRQHandler
                0x080043f0                TIM5_IRQHandler
                0x080043f0                DMA2_Stream7_IRQHandler
                0x080043f0                I2C3_EV_IRQHandler
                0x080043f0                RTC_WKUP_IRQHandler
                0x080043f0                SPI2_IRQHandler
                0x080043f0                DMA1_Stream0_IRQHandler
                0x080043f0                WWDG_IRQHandler
                0x080043f0                TIM2_IRQHandler
                0x080043f0                OTG_FS_WKUP_IRQHandler
                0x080043f0                TIM1_TRG_COM_TIM11_IRQHandler
                0x080043f0                USART2_IRQHandler
                0x080043f0                I2C2_ER_IRQHandler
                0x080043f0                DMA2_Stream1_IRQHandler
                0x080043f0                FLASH_IRQHandler
                0x080043f0                DMA2_Stream4_IRQHandler
                0x080043f0                USART1_IRQHandler
                0x080043f0                OTG_FS_IRQHandler
                0x080043f0                SPI3_IRQHandler
                0x080043f0                DMA1_Stream4_IRQHandler
                0x080043f0                I2C1_ER_IRQHandler
                0x080043f0                DMA2_Stream6_IRQHandler
                0x080043f0                DMA1_Stream3_IRQHandler

.inits          0x080043f4       0x28
                0x080043f4                        __data_regions_array_start = .
                0x080043f4        0x4 LONG 0x8005f68 LOADADDR (.data)
                0x080043f8        0x4 LONG 0x20000000 ADDR (.data)
                0x080043fc        0x4 LONG 0x20000068 (ADDR (.data) + SIZEOF (.data))
                0x08004400        0x4 LONG 0x8005f68 LOADADDR (.data_CCMRAM)
                0x08004404        0x4 LONG 0x10000000 ADDR (.data_CCMRAM)
                0x08004408        0x4 LONG 0x10000000 (ADDR (.data_CCMRAM) + SIZEOF (.data_CCMRAM))
                0x0800440c                        __data_regions_array_end = .
                0x0800440c                        __bss_regions_array_start = .
                0x0800440c        0x4 LONG 0x20000068 ADDR (.bss)
                0x08004410        0x4 LONG 0x20000150 (ADDR (.bss) + SIZEOF (.bss))
                0x08004414        0x4 LONG 0x10000000 ADDR (.bss_CCMRAM)
                0x08004418        0x4 LONG 0x10000000 (ADDR (.bss_CCMRAM) + SIZEOF (.bss_CCMRAM))
                0x0800441c                        __bss_regions_array_end = .
 *(.init)
 *(.fini)
                0x0800441c                        . = ALIGN (0x4)
                0x0800441c                        PROVIDE (__preinit_array_start = .)
 *(.preinit_array_sysinit .preinit_array_sysinit.*)
 *(.preinit_array_platform .preinit_array_platform.*)
 *(.preinit_array .preinit_array.*)
                0x0800441c                        PROVIDE (__preinit_array_end = .)
                0x0800441c                        . = ALIGN (0x4)
                0x0800441c                        PROVIDE (__init_array_start = .)
 *(SORT_BY_NAME(.init_array.*))
 *(.init_array)
                0x0800441c                        PROVIDE (__init_array_end = .)
                0x0800441c                        . = ALIGN (0x4)
                0x0800441c                        PROVIDE (__fini_array_start = .)
 *(SORT_BY_NAME(.fini_array.*))
 *(.fini_array)
                0x0800441c                        PROVIDE (__fini_array_end = .)

.flashtext
 *(.flashtext .flashtext.*)

.text           0x08004420     0x1b40
 *(.text .text.*)
 .text._exit    0x08004420        0x2 ./system/src/newlib/exit.o
                0x08004420                _exit
 *fill*         0x08004422        0x2 
 .text._sbrk    0x08004424       0x44 ./system/src/newlib/sbrk.o
                0x08004424                _sbrk
 .text.__initialize_args
                0x08004468       0x10 ./system/src/newlib/syscalls.o
                0x08004468                __initialize_args
 .text._trace_write_semihosting_debug
                0x08004478       0x62 ./system/src/diag/trace-impl.o
 .text.trace_write
                0x080044da        0x8 ./system/src/diag/trace-impl.o
                0x080044da                trace_write
 *fill*         0x080044e2        0x2 
 .text.trace_printf
                0x080044e4       0x34 ./system/src/diag/trace.o
                0x080044e4                trace_printf
 .text.dumpExceptionStack
                0x08004518       0xf4 ./system/src/cortexm/exception-handlers.o
                0x08004518                dumpExceptionStack
 .text.isSemihosting
                0x0800460c       0x20 ./system/src/cortexm/exception-handlers.o
                0x0800460c                isSemihosting
 .text.__initialize_hardware_early
                0x0800462c       0x18 ./system/src/cortexm/initialize-hardware.o
                0x0800462c                __initialize_hardware_early
 .text.__initialize_hardware
                0x08004644        0x8 ./system/src/cortexm/initialize-hardware.o
                0x08004644                __initialize_hardware
 .text.SystemInit
                0x0800464c       0x10 ./system/src/cmsis/system_stm32f4xx.o
                0x0800464c                SystemInit
 .text.SystemCoreClockUpdate
                0x0800465c       0xa0 ./system/src/cmsis/system_stm32f4xx.o
                0x0800465c                SystemCoreClockUpdate
 .text.EXTI_voidSetPortInterrupt
                0x080046fc       0x38 ./src/EXTI_program.o
                0x080046fc                EXTI_voidSetPortInterrupt
 .text.EXTI_voidInterruptEnableDisable
                0x08004734       0x28 ./src/EXTI_program.o
                0x08004734                EXTI_voidInterruptEnableDisable
 .text.EXTI_voidInterruptTrigger
                0x0800475c       0x50 ./src/EXTI_program.o
                0x0800475c                EXTI_voidInterruptTrigger
 .text.EXTI_voidCallBack
                0x080047ac       0x10 ./src/EXTI_program.o
                0x080047ac                EXTI_voidCallBack
 .text.EXTI0_IRQHandler
                0x080047bc       0x20 ./src/EXTI_program.o
                0x080047bc                EXTI0_IRQHandler
 .text.EXTI1_IRQHandler
                0x080047dc       0x20 ./src/EXTI_program.o
                0x080047dc                EXTI1_IRQHandler
 .text.EXTI2_IRQHandler
                0x080047fc       0x20 ./src/EXTI_program.o
                0x080047fc                EXTI2_IRQHandler
 .text.EXTI3_IRQHandler
                0x0800481c       0x20 ./src/EXTI_program.o
                0x0800481c                EXTI3_IRQHandler
 .text.EXTI4_IRQHandler
                0x0800483c       0x20 ./src/EXTI_program.o
                0x0800483c                EXTI4_IRQHandler
 .text.EXTI9_5_IRQHandler
                0x0800485c       0x34 ./src/EXTI_program.o
                0x0800485c                EXTI9_5_IRQHandler
 .text.EXTI15_10_IRQHandler
                0x08004890       0x34 ./src/EXTI_program.o
                0x08004890                EXTI15_10_IRQHandler
 .text.GPIO_voidSetMode
                0x080048c4       0x94 ./src/GPIO_program.o
                0x080048c4                GPIO_voidSetMode
 .text.GPIO_voidOutputPinMode
                0x08004958       0xd4 ./src/GPIO_program.o
                0x08004958                GPIO_voidOutputPinMode
 .text.GPIO_voidInputPinMode
                0x08004a2c       0x94 ./src/GPIO_program.o
                0x08004a2c                GPIO_voidInputPinMode
 .text.GPIO_voidSetPinValue
                0x08004ac0       0x88 ./src/GPIO_program.o
                0x08004ac0                GPIO_voidSetPinValue
 .text.NVIC_voidEnablePeripheralInterrupt
                0x08004b48       0x20 ./src/NVIC_program.o
                0x08004b48                NVIC_voidEnablePeripheralInterrupt
 .text.RCC_voidInit
                0x08004b68       0x4c ./src/RCC_program.o
                0x08004b68                RCC_voidInit
 .text.RCC_voidEnablePeripheral
                0x08004bb4       0x4c ./src/RCC_program.o
                0x08004bb4                RCC_voidEnablePeripheral
 .text.STK_voidInit
                0x08004c00        0xa ./src/STK_program.o
                0x08004c00                STK_voidInit
 *fill*         0x08004c0a        0x6 
 .text.STK_voidDelayMS
                0x08004c10       0x40 ./src/STK_program.o
                0x08004c10                STK_voidDelayMS
 .text.SysTick_Handler
                0x08004c50       0x38 ./src/STK_program.o
                0x08004c50                SysTick_Handler
 .text.APP_voidStartApplication
                0x08004c88       0x34 ./src/main.o
                0x08004c88                APP_voidStartApplication
 .text.main     0x08004cbc       0xb8 ./src/main.o
                0x08004cbc                main
 .text          0x08004d74      0x254 d:/courses/embeddedsystems/sdk/imt_sdk_win_64/winarm/armgcc/12.3.1-1.1.1/.content/bin/../lib/gcc/arm-none-eabi/12.3.1/thumb/v7e-m/nofp\libgcc.a(_arm_muldf3.o)
                0x08004d74                __muldf3
                0x08004d74                __aeabi_dmul
 .text          0x08004fc8      0x378 d:/courses/embeddedsystems/sdk/imt_sdk_win_64/winarm/armgcc/12.3.1-1.1.1/.content/bin/../lib/gcc/arm-none-eabi/12.3.1/thumb/v7e-m/nofp\libgcc.a(_arm_addsubdf3.o)
                0x08004fc8                __aeabi_drsub
                0x08004fd0                __aeabi_dsub
                0x08004fd0                __subdf3
                0x08004fd4                __aeabi_dadd
                0x08004fd4                __adddf3
                0x0800524c                __floatunsidf
                0x0800524c                __aeabi_ui2d
                0x0800526c                __floatsidf
                0x0800526c                __aeabi_i2d
                0x08005290                __aeabi_f2d
                0x08005290                __extendsfdf2
                0x080052d4                __floatundidf
                0x080052d4                __aeabi_ul2d
                0x080052e4                __floatdidf
                0x080052e4                __aeabi_l2d
 .text          0x08005340       0x40 d:/courses/embeddedsystems/sdk/imt_sdk_win_64/winarm/armgcc/12.3.1-1.1.1/.content/bin/../lib/gcc/arm-none-eabi/12.3.1/thumb/v7e-m/nofp\libgcc.a(_arm_fixunsdfsi.o)
                0x08005340                __aeabi_d2uiz
                0x08005340                __fixunsdfsi
 .text._vsnprintf_r
                0x08005380       0x56 d:/courses/embeddedsystems/sdk/imt_sdk_win_64/winarm/armgcc/12.3.1-1.1.1/.content/bin/../lib/gcc/arm-none-eabi/12.3.1/../../../../arm-none-eabi/lib/thumb/v7e-m/nofp\libg_nano.a(libc_a-vsnprintf.o)
                0x08005380                _vsniprintf_r
                0x08005380                _vsnprintf_r
 *fill*         0x080053d6        0x2 
 .text.vsnprintf
                0x080053d8       0x1c d:/courses/embeddedsystems/sdk/imt_sdk_win_64/winarm/armgcc/12.3.1-1.1.1/.content/bin/../lib/gcc/arm-none-eabi/12.3.1/../../../../arm-none-eabi/lib/thumb/v7e-m/nofp\libg_nano.a(libc_a-vsnprintf.o)
                0x080053d8                vsniprintf
                0x080053d8                vsnprintf
 .text.__errno  0x080053f4        0xc d:/courses/embeddedsystems/sdk/imt_sdk_win_64/winarm/armgcc/12.3.1-1.1.1/.content/bin/../lib/gcc/arm-none-eabi/12.3.1/../../../../arm-none-eabi/lib/thumb/v7e-m/nofp\libg_nano.a(libc_a-errno.o)
                0x080053f4                __errno
 .text.__ssputs_r
                0x08005400       0xb6 d:/courses/embeddedsystems/sdk/imt_sdk_win_64/winarm/armgcc/12.3.1-1.1.1/.content/bin/../lib/gcc/arm-none-eabi/12.3.1/../../../../arm-none-eabi/lib/thumb/v7e-m/nofp\libg_nano.a(libc_a-nano-svfprintf.o)
                0x08005400                __ssputs_r
 *fill*         0x080054b6        0x2 
 .text._svfprintf_r
                0x080054b8      0x1f8 d:/courses/embeddedsystems/sdk/imt_sdk_win_64/winarm/armgcc/12.3.1-1.1.1/.content/bin/../lib/gcc/arm-none-eabi/12.3.1/../../../../arm-none-eabi/lib/thumb/v7e-m/nofp\libg_nano.a(libc_a-nano-svfprintf.o)
                0x080054b8                _svfiprintf_r
                0x080054b8                _svfprintf_r
 .text._printf_common
                0x080056b0       0xda d:/courses/embeddedsystems/sdk/imt_sdk_win_64/winarm/armgcc/12.3.1-1.1.1/.content/bin/../lib/gcc/arm-none-eabi/12.3.1/../../../../arm-none-eabi/lib/thumb/v7e-m/nofp\libg_nano.a(libc_a-nano-vfprintf_i.o)
                0x080056b0                _printf_common
 *fill*         0x0800578a        0x2 
 .text._printf_i
                0x0800578c      0x258 d:/courses/embeddedsystems/sdk/imt_sdk_win_64/winarm/armgcc/12.3.1-1.1.1/.content/bin/../lib/gcc/arm-none-eabi/12.3.1/../../../../arm-none-eabi/lib/thumb/v7e-m/nofp\libg_nano.a(libc_a-nano-vfprintf_i.o)
                0x0800578c                _printf_i
 .text.memmove  0x080059e4       0x34 d:/courses/embeddedsystems/sdk/imt_sdk_win_64/winarm/armgcc/12.3.1-1.1.1/.content/bin/../lib/gcc/arm-none-eabi/12.3.1/../../../../arm-none-eabi/lib/thumb/v7e-m/nofp\libg_nano.a(libc_a-memmove.o)
                0x080059e4                memmove
 *fill*         0x08005a18        0x8 
 .text          0x08005a20       0xa0 d:/courses/embeddedsystems/sdk/imt_sdk_win_64/winarm/armgcc/12.3.1-1.1.1/.content/bin/../lib/gcc/arm-none-eabi/12.3.1/../../../../arm-none-eabi/lib/thumb/v7e-m/nofp\libg_nano.a(libc_a-memchr.o)
                0x08005a20                memchr
 .text.memcpy   0x08005ac0       0x1c d:/courses/embeddedsystems/sdk/imt_sdk_win_64/winarm/armgcc/12.3.1-1.1.1/.content/bin/../lib/gcc/arm-none-eabi/12.3.1/../../../../arm-none-eabi/lib/thumb/v7e-m/nofp\libg_nano.a(libc_a-memcpy-stub.o)
                0x08005ac0                memcpy
 .text._free_r  0x08005adc       0x94 d:/courses/embeddedsystems/sdk/imt_sdk_win_64/winarm/armgcc/12.3.1-1.1.1/.content/bin/../lib/gcc/arm-none-eabi/12.3.1/../../../../arm-none-eabi/lib/thumb/v7e-m/nofp\libg_nano.a(libc_a-freer.o)
                0x08005adc                _free_r
 .text.sbrk_aligned
                0x08005b70       0x44 d:/courses/embeddedsystems/sdk/imt_sdk_win_64/winarm/armgcc/12.3.1-1.1.1/.content/bin/../lib/gcc/arm-none-eabi/12.3.1/../../../../arm-none-eabi/lib/thumb/v7e-m/nofp\libg_nano.a(libc_a-mallocr.o)
 .text._malloc_r
                0x08005bb4      0x100 d:/courses/embeddedsystems/sdk/imt_sdk_win_64/winarm/armgcc/12.3.1-1.1.1/.content/bin/../lib/gcc/arm-none-eabi/12.3.1/../../../../arm-none-eabi/lib/thumb/v7e-m/nofp\libg_nano.a(libc_a-mallocr.o)
                0x08005bb4                _malloc_r
 .text.__malloc_lock
                0x08005cb4        0xc d:/courses/embeddedsystems/sdk/imt_sdk_win_64/winarm/armgcc/12.3.1-1.1.1/.content/bin/../lib/gcc/arm-none-eabi/12.3.1/../../../../arm-none-eabi/lib/thumb/v7e-m/nofp\libg_nano.a(libc_a-mlock.o)
                0x08005cb4                __malloc_lock
 .text.__malloc_unlock
                0x08005cc0        0xc d:/courses/embeddedsystems/sdk/imt_sdk_win_64/winarm/armgcc/12.3.1-1.1.1/.content/bin/../lib/gcc/arm-none-eabi/12.3.1/../../../../arm-none-eabi/lib/thumb/v7e-m/nofp\libg_nano.a(libc_a-mlock.o)
                0x08005cc0                __malloc_unlock
 .text._realloc_r
                0x08005ccc       0x5c d:/courses/embeddedsystems/sdk/imt_sdk_win_64/winarm/armgcc/12.3.1-1.1.1/.content/bin/../lib/gcc/arm-none-eabi/12.3.1/../../../../arm-none-eabi/lib/thumb/v7e-m/nofp\libg_nano.a(libc_a-reallocr.o)
                0x08005ccc                _realloc_r
 .text._sbrk_r  0x08005d28       0x20 d:/courses/embeddedsystems/sdk/imt_sdk_win_64/winarm/armgcc/12.3.1-1.1.1/.content/bin/../lib/gcc/arm-none-eabi/12.3.1/../../../../arm-none-eabi/lib/thumb/v7e-m/nofp\libg_nano.a(libc_a-sbrkr.o)
                0x08005d28                _sbrk_r
 .text.__retarget_lock_acquire_recursive
                0x08005d48        0x2 d:/courses/embeddedsystems/sdk/imt_sdk_win_64/winarm/armgcc/12.3.1-1.1.1/.content/bin/../lib/gcc/arm-none-eabi/12.3.1/../../../../arm-none-eabi/lib/thumb/v7e-m/nofp\libg_nano.a(libc_a-lock.o)
                0x08005d48                __retarget_lock_acquire_recursive
 .text.__retarget_lock_release_recursive
                0x08005d4a        0x2 d:/courses/embeddedsystems/sdk/imt_sdk_win_64/winarm/armgcc/12.3.1-1.1.1/.content/bin/../lib/gcc/arm-none-eabi/12.3.1/../../../../arm-none-eabi/lib/thumb/v7e-m/nofp\libg_nano.a(libc_a-lock.o)
                0x08005d4a                __retarget_lock_release_recursive
 .text._malloc_usable_size_r
                0x08005d4c       0x10 d:/courses/embeddedsystems/sdk/imt_sdk_win_64/winarm/armgcc/12.3.1-1.1.1/.content/bin/../lib/gcc/arm-none-eabi/12.3.1/../../../../arm-none-eabi/lib/thumb/v7e-m/nofp\libg_nano.a(libc_a-msizer.o)
                0x08005d4c                _malloc_usable_size_r
 *(.rodata .rodata.* .constdata .constdata.*)
 .rodata.dumpExceptionStack.str1.4
                0x08005d5c      0x11a ./system/src/cortexm/exception-handlers.o
 *fill*         0x08005e76        0x2 
 .rodata.str1.4
                0x08005e78       0x2a ./system/src/cortexm/exception-handlers.o
 *fill*         0x08005ea2        0x2 
 .rodata.AHBPrescTable
                0x08005ea4       0x10 ./system/src/cmsis/system_stm32f4xx.o
                0x08005ea4                AHBPrescTable
 .rodata._svfprintf_r.str1.1
                0x08005eb4       0x11 d:/courses/embeddedsystems/sdk/imt_sdk_win_64/winarm/armgcc/12.3.1-1.1.1/.content/bin/../lib/gcc/arm-none-eabi/12.3.1/../../../../arm-none-eabi/lib/thumb/v7e-m/nofp\libg_nano.a(libc_a-nano-svfprintf.o)
 .rodata._printf_i.str1.1
                0x08005ec5       0x22 d:/courses/embeddedsystems/sdk/imt_sdk_win_64/winarm/armgcc/12.3.1-1.1.1/.content/bin/../lib/gcc/arm-none-eabi/12.3.1/../../../../arm-none-eabi/lib/thumb/v7e-m/nofp\libg_nano.a(libc_a-nano-vfprintf_i.o)
 *(vtable)
 *(.eh_frame*)
 *fill*         0x08005ee7        0x1 
 .eh_frame      0x08005ee8       0x28 d:/courses/embeddedsystems/sdk/imt_sdk_win_64/winarm/armgcc/12.3.1-1.1.1/.content/bin/../lib/gcc/arm-none-eabi/12.3.1/../../../../arm-none-eabi/lib/thumb/v7e-m/nofp\libg_nano.a(libc_a-strlen.o)
 .eh_frame      0x08005f10       0x50 d:/courses/embeddedsystems/sdk/imt_sdk_win_64/winarm/armgcc/12.3.1-1.1.1/.content/bin/../lib/gcc/arm-none-eabi/12.3.1/../../../../arm-none-eabi/lib/thumb/v7e-m/nofp\libg_nano.a(libc_a-memchr.o)
 *(.glue_7)
 .glue_7        0x08005f60        0x0 linker stubs
 *(.glue_7t)
 .glue_7t       0x08005f60        0x0 linker stubs

.vfp11_veneer   0x08005f60        0x0
 .vfp11_veneer  0x08005f60        0x0 linker stubs

.v4_bx          0x08005f60        0x0
 .v4_bx         0x08005f60        0x0 linker stubs

.iplt           0x08005f60        0x0
 .iplt          0x08005f60        0x0 ./system/src/newlib/sbrk.o

.ARM.extab
 *(.ARM.extab* .gnu.linkonce.armextab.*)
                0x08005f60                        . = ALIGN (0x4)
                0x08005f60                        __exidx_start = .

.ARM.exidx      0x08005f60        0x8
 *(.ARM.exidx* .gnu.linkonce.armexidx.*)
 .ARM.exidx     0x08005f60        0x8 d:/courses/embeddedsystems/sdk/imt_sdk_win_64/winarm/armgcc/12.3.1-1.1.1/.content/bin/../lib/gcc/arm-none-eabi/12.3.1/../../../../arm-none-eabi/lib/thumb/v7e-m/nofp\libg_nano.a(libc_a-memchr.o)
                0x08005f68                        __exidx_end = .

.rel.dyn        0x08005f68        0x0
 .rel.iplt      0x08005f68        0x0 ./system/src/newlib/sbrk.o
                0x08005f68                        . = ALIGN (0x4)
                0x08005f68                        _etext = .
                0x08005f68                        __etext = .

.data_CCMRAM    0x10000000        0x0 load address 0x08005f68
 FILL mask 0xff
 *(.data.CCMRAM .data.CCMRAM.*)
                0x10000000                        . = ALIGN (0x4)
                0x08005f68                        _sidata = LOADADDR (.data)

.data           0x20000000       0x68 load address 0x08005f68
 FILL mask 0xff
                0x20000000                        _sdata = .
                0x20000000                        __data_start__ = .
 *(.data_begin .data_begin.*)
 .data_begin    0x20000000        0x4 ./system/src/newlib/startup.o
 *(.data .data.*)
 .data.argv.1   0x20000004        0x8 ./system/src/newlib/syscalls.o
 .data.SystemCoreClock
                0x2000000c        0x4 ./system/src/cmsis/system_stm32f4xx.o
                0x2000000c                SystemCoreClock
 .data.TimeOutFlag
                0x20000010        0x1 ./src/main.o
                0x20000010                TimeOutFlag
 *fill*         0x20000011        0x3 ff
 .data._impure_ptr
                0x20000014        0x4 d:/courses/embeddedsystems/sdk/imt_sdk_win_64/winarm/armgcc/12.3.1-1.1.1/.content/bin/../lib/gcc/arm-none-eabi/12.3.1/../../../../arm-none-eabi/lib/thumb/v7e-m/nofp\libg_nano.a(libc_a-impure.o)
                0x20000014                _impure_ptr
 .data._impure_data
                0x20000018       0x4c d:/courses/embeddedsystems/sdk/imt_sdk_win_64/winarm/armgcc/12.3.1-1.1.1/.content/bin/../lib/gcc/arm-none-eabi/12.3.1/../../../../arm-none-eabi/lib/thumb/v7e-m/nofp\libg_nano.a(libc_a-impure.o)
                0x20000018                _impure_data
 *(.data_end .data_end.*)
 .data_end      0x20000064        0x4 ./system/src/newlib/startup.o
                0x20000068                        . = ALIGN (0x4)
                0x20000068                        _edata = .
                0x20000068                        __data_end__ = .

.igot.plt       0x20000068        0x0 load address 0x08005fd0
 .igot.plt      0x20000068        0x0 ./system/src/newlib/sbrk.o

.bss_CCMRAM     0x10000000        0x0
 *(.bss.CCMRAM .bss.CCMRAM.*)

.bss            0x20000068       0xe8
                0x20000068                        __bss_start__ = .
                0x20000068                        _sbss = .
 *(.bss_begin .bss_begin.*)
 .bss_begin     0x20000068        0x4 ./system/src/newlib/startup.o
 *(.bss .bss.*)
 .bss.current_heap_end.0
                0x2000006c        0x4 ./system/src/newlib/sbrk.o
 .bss.name.0    0x20000070        0x1 ./system/src/newlib/syscalls.o
 *fill*         0x20000071        0x3 
 .bss.errno     0x20000074        0x4 ./system/src/newlib/syscalls.o
                0x20000074                errno
 .bss.buf.0     0x20000078       0x80 ./system/src/diag/trace.o
 .bss.Global_pfNotification
                0x200000f8       0x3c ./src/EXTI_program.o
 .bss.Global_u8IntervalMode
                0x20000134        0x1 ./src/STK_program.o
 *fill*         0x20000135        0x3 
 .bss.Global_pfNotification
                0x20000138        0x4 ./src/STK_program.o
 .bss.EntryPoint
                0x2000013c        0x4 ./src/main.o
                0x2000013c                EntryPoint
 .bss.__malloc_sbrk_start
                0x20000140        0x4 d:/courses/embeddedsystems/sdk/imt_sdk_win_64/winarm/armgcc/12.3.1-1.1.1/.content/bin/../lib/gcc/arm-none-eabi/12.3.1/../../../../arm-none-eabi/lib/thumb/v7e-m/nofp\libg_nano.a(libc_a-mallocr.o)
                0x20000140                __malloc_sbrk_start
 .bss.__malloc_free_list
                0x20000144        0x4 d:/courses/embeddedsystems/sdk/imt_sdk_win_64/winarm/armgcc/12.3.1-1.1.1/.content/bin/../lib/gcc/arm-none-eabi/12.3.1/../../../../arm-none-eabi/lib/thumb/v7e-m/nofp\libg_nano.a(libc_a-mallocr.o)
                0x20000144                __malloc_free_list
 .bss.__lock___malloc_recursive_mutex
                0x20000148        0x1 d:/courses/embeddedsystems/sdk/imt_sdk_win_64/winarm/armgcc/12.3.1-1.1.1/.content/bin/../lib/gcc/arm-none-eabi/12.3.1/../../../../arm-none-eabi/lib/thumb/v7e-m/nofp\libg_nano.a(libc_a-lock.o)
                0x20000148                __lock___malloc_recursive_mutex
 *(COMMON)
 *(.bss_end .bss_end.*)
 *fill*         0x20000149        0x3 
 .bss_end       0x2000014c        0x4 ./system/src/newlib/startup.o
                0x20000150                        . = ALIGN (0x4)
                0x20000150                        __bss_end__ = .
                0x20000150                        _ebss = .

.noinit_CCMRAM
 *(.noinit.CCMRAM .noinit.CCMRAM.*)

.noinit         0x20000150        0x0
                0x20000150                        _noinit = .
 *(.noinit .noinit.*)
                0x20000150                        . = ALIGN (0x4)
                0x20000150                        _end_noinit = .
                [!provide]                        PROVIDE (end = _end_noinit)
                [!provide]                        PROVIDE (_end = _end_noinit)
                [!provide]                        PROVIDE (__end = _end_noinit)
                [!provide]                        PROVIDE (__end__ = _end_noinit)

._check_stack   0x20000150      0x100
                0x20000250                        . = (. + _Minimum_Stack_Size)
 *fill*         0x20000150      0x100 

.b1text
 *(.b1text)
 *(.b1rodata)
 *(.b1rodata.*)

.eb0text
 *(.eb0text)
 *(.eb0rodata)
 *(.eb0rodata.*)

.eb1text
 *(.eb1text)
 *(.eb1rodata)
 *(.eb1rodata.*)

.eb2text
 *(.eb2text)
 *(.eb2rodata)
 *(.eb2rodata.*)

.eb3text
 *(.eb3text)
 *(.eb3rodata)
 *(.eb3rodata.*)

.stab
 *(.stab)

.stabstr
 *(.stabstr)

.stab.excl
 *(.stab.excl)

.stab.exclstr
 *(.stab.exclstr)

.stab.index
 *(.stab.index)

.stab.indexstr
 *(.stab.indexstr)

.comment        0x00000000       0x39
 *(.comment)
 .comment       0x00000000       0x39 ./system/src/newlib/exit.o
                                 0x3a (size before relaxing)
 .comment       0x00000039       0x3a ./system/src/newlib/sbrk.o
 .comment       0x00000039       0x3a ./system/src/newlib/startup.o
 .comment       0x00000039       0x3a ./system/src/newlib/syscalls.o
 .comment       0x00000039       0x3a ./system/src/diag/trace-impl.o
 .comment       0x00000039       0x3a ./system/src/diag/trace.o
 .comment       0x00000039       0x3a ./system/src/cortexm/exception-handlers.o
 .comment       0x00000039       0x3a ./system/src/cortexm/initialize-hardware.o
 .comment       0x00000039       0x3a ./system/src/cmsis/system_stm32f4xx.o
 .comment       0x00000039       0x3a ./system/src/cmsis/vectors_stm32f401xc.o
 .comment       0x00000039       0x3a ./src/EXTI_program.o
 .comment       0x00000039       0x3a ./src/GPIO_program.o
 .comment       0x00000039       0x3a ./src/NVIC_program.o
 .comment       0x00000039       0x3a ./src/RCC_program.o
 .comment       0x00000039       0x3a ./src/STK_program.o
 .comment       0x00000039       0x3a ./src/main.o
 .comment       0x00000039       0x3a d:/courses/embeddedsystems/sdk/imt_sdk_win_64/winarm/armgcc/12.3.1-1.1.1/.content/bin/../lib/gcc/arm-none-eabi/12.3.1/../../../../arm-none-eabi/lib/thumb/v7e-m/nofp\libg_nano.a(libc_a-vsnprintf.o)
 .comment       0x00000039       0x3a d:/courses/embeddedsystems/sdk/imt_sdk_win_64/winarm/armgcc/12.3.1-1.1.1/.content/bin/../lib/gcc/arm-none-eabi/12.3.1/../../../../arm-none-eabi/lib/thumb/v7e-m/nofp\libg_nano.a(libc_a-impure.o)
 .comment       0x00000039       0x3a d:/courses/embeddedsystems/sdk/imt_sdk_win_64/winarm/armgcc/12.3.1-1.1.1/.content/bin/../lib/gcc/arm-none-eabi/12.3.1/../../../../arm-none-eabi/lib/thumb/v7e-m/nofp\libg_nano.a(libc_a-errno.o)
 .comment       0x00000039       0x3a d:/courses/embeddedsystems/sdk/imt_sdk_win_64/winarm/armgcc/12.3.1-1.1.1/.content/bin/../lib/gcc/arm-none-eabi/12.3.1/../../../../arm-none-eabi/lib/thumb/v7e-m/nofp\libg_nano.a(libc_a-nano-svfprintf.o)
 .comment       0x00000039       0x3a d:/courses/embeddedsystems/sdk/imt_sdk_win_64/winarm/armgcc/12.3.1-1.1.1/.content/bin/../lib/gcc/arm-none-eabi/12.3.1/../../../../arm-none-eabi/lib/thumb/v7e-m/nofp\libg_nano.a(libc_a-nano-vfprintf_i.o)
 .comment       0x00000039       0x3a d:/courses/embeddedsystems/sdk/imt_sdk_win_64/winarm/armgcc/12.3.1-1.1.1/.content/bin/../lib/gcc/arm-none-eabi/12.3.1/../../../../arm-none-eabi/lib/thumb/v7e-m/nofp\libg_nano.a(libc_a-memmove.o)
 .comment       0x00000039       0x3a d:/courses/embeddedsystems/sdk/imt_sdk_win_64/winarm/armgcc/12.3.1-1.1.1/.content/bin/../lib/gcc/arm-none-eabi/12.3.1/../../../../arm-none-eabi/lib/thumb/v7e-m/nofp\libg_nano.a(libc_a-memcpy-stub.o)
 .comment       0x00000039       0x3a d:/courses/embeddedsystems/sdk/imt_sdk_win_64/winarm/armgcc/12.3.1-1.1.1/.content/bin/../lib/gcc/arm-none-eabi/12.3.1/../../../../arm-none-eabi/lib/thumb/v7e-m/nofp\libg_nano.a(libc_a-freer.o)
 .comment       0x00000039       0x3a d:/courses/embeddedsystems/sdk/imt_sdk_win_64/winarm/armgcc/12.3.1-1.1.1/.content/bin/../lib/gcc/arm-none-eabi/12.3.1/../../../../arm-none-eabi/lib/thumb/v7e-m/nofp\libg_nano.a(libc_a-mallocr.o)
 .comment       0x00000039       0x3a d:/courses/embeddedsystems/sdk/imt_sdk_win_64/winarm/armgcc/12.3.1-1.1.1/.content/bin/../lib/gcc/arm-none-eabi/12.3.1/../../../../arm-none-eabi/lib/thumb/v7e-m/nofp\libg_nano.a(libc_a-mlock.o)
 .comment       0x00000039       0x3a d:/courses/embeddedsystems/sdk/imt_sdk_win_64/winarm/armgcc/12.3.1-1.1.1/.content/bin/../lib/gcc/arm-none-eabi/12.3.1/../../../../arm-none-eabi/lib/thumb/v7e-m/nofp\libg_nano.a(libc_a-reallocr.o)
 .comment       0x00000039       0x3a d:/courses/embeddedsystems/sdk/imt_sdk_win_64/winarm/armgcc/12.3.1-1.1.1/.content/bin/../lib/gcc/arm-none-eabi/12.3.1/../../../../arm-none-eabi/lib/thumb/v7e-m/nofp\libg_nano.a(libc_a-sbrkr.o)
 .comment       0x00000039       0x3a d:/courses/embeddedsystems/sdk/imt_sdk_win_64/winarm/armgcc/12.3.1-1.1.1/.content/bin/../lib/gcc/arm-none-eabi/12.3.1/../../../../arm-none-eabi/lib/thumb/v7e-m/nofp\libg_nano.a(libc_a-lock.o)
 .comment       0x00000039       0x3a d:/courses/embeddedsystems/sdk/imt_sdk_win_64/winarm/armgcc/12.3.1-1.1.1/.content/bin/../lib/gcc/arm-none-eabi/12.3.1/../../../../arm-none-eabi/lib/thumb/v7e-m/nofp\libg_nano.a(libc_a-msizer.o)

.ARM.attributes
                0x00000000       0x2c
 .ARM.attributes
                0x00000000       0x2e ./system/src/newlib/exit.o
 .ARM.attributes
                0x0000002e       0x2e ./system/src/newlib/sbrk.o
 .ARM.attributes
                0x0000005c       0x2e ./system/src/newlib/startup.o
 .ARM.attributes
                0x0000008a       0x2e ./system/src/newlib/syscalls.o
 .ARM.attributes
                0x000000b8       0x2e ./system/src/diag/trace-impl.o
 .ARM.attributes
                0x000000e6       0x2e ./system/src/diag/trace.o
 .ARM.attributes
                0x00000114       0x2e ./system/src/cortexm/exception-handlers.o
 .ARM.attributes
                0x00000142       0x2e ./system/src/cortexm/initialize-hardware.o
 .ARM.attributes
                0x00000170       0x2e ./system/src/cmsis/system_stm32f4xx.o
 .ARM.attributes
                0x0000019e       0x2e ./system/src/cmsis/vectors_stm32f401xc.o
 .ARM.attributes
                0x000001cc       0x2e ./src/EXTI_program.o
 .ARM.attributes
                0x000001fa       0x2e ./src/GPIO_program.o
 .ARM.attributes
                0x00000228       0x2e ./src/NVIC_program.o
 .ARM.attributes
                0x00000256       0x2e ./src/RCC_program.o
 .ARM.attributes
                0x00000284       0x2e ./src/STK_program.o
 .ARM.attributes
                0x000002b2       0x2e ./src/main.o
 .ARM.attributes
                0x000002e0       0x1e d:/courses/embeddedsystems/sdk/imt_sdk_win_64/winarm/armgcc/12.3.1-1.1.1/.content/bin/../lib/gcc/arm-none-eabi/12.3.1/thumb/v7e-m/nofp\libgcc.a(_arm_muldf3.o)
 .ARM.attributes
                0x000002fe       0x1e d:/courses/embeddedsystems/sdk/imt_sdk_win_64/winarm/armgcc/12.3.1-1.1.1/.content/bin/../lib/gcc/arm-none-eabi/12.3.1/thumb/v7e-m/nofp\libgcc.a(_arm_addsubdf3.o)
 .ARM.attributes
                0x0000031c       0x1e d:/courses/embeddedsystems/sdk/imt_sdk_win_64/winarm/armgcc/12.3.1-1.1.1/.content/bin/../lib/gcc/arm-none-eabi/12.3.1/thumb/v7e-m/nofp\libgcc.a(_arm_fixunsdfsi.o)
 .ARM.attributes
                0x0000033a       0x2e d:/courses/embeddedsystems/sdk/imt_sdk_win_64/winarm/armgcc/12.3.1-1.1.1/.content/bin/../lib/gcc/arm-none-eabi/12.3.1/../../../../arm-none-eabi/lib/thumb/v7e-m/nofp\libg_nano.a(libc_a-vsnprintf.o)
 .ARM.attributes
                0x00000368       0x2e d:/courses/embeddedsystems/sdk/imt_sdk_win_64/winarm/armgcc/12.3.1-1.1.1/.content/bin/../lib/gcc/arm-none-eabi/12.3.1/../../../../arm-none-eabi/lib/thumb/v7e-m/nofp\libg_nano.a(libc_a-impure.o)
 .ARM.attributes
                0x00000396       0x2e d:/courses/embeddedsystems/sdk/imt_sdk_win_64/winarm/armgcc/12.3.1-1.1.1/.content/bin/../lib/gcc/arm-none-eabi/12.3.1/../../../../arm-none-eabi/lib/thumb/v7e-m/nofp\libg_nano.a(libc_a-errno.o)
 .ARM.attributes
                0x000003c4       0x17 d:/courses/embeddedsystems/sdk/imt_sdk_win_64/winarm/armgcc/12.3.1-1.1.1/.content/bin/../lib/gcc/arm-none-eabi/12.3.1/../../../../arm-none-eabi/lib/thumb/v7e-m/nofp\libg_nano.a(libc_a-strlen.o)
 .ARM.attributes
                0x000003db       0x2e d:/courses/embeddedsystems/sdk/imt_sdk_win_64/winarm/armgcc/12.3.1-1.1.1/.content/bin/../lib/gcc/arm-none-eabi/12.3.1/../../../../arm-none-eabi/lib/thumb/v7e-m/nofp\libg_nano.a(libc_a-nano-svfprintf.o)
 .ARM.attributes
                0x00000409       0x2e d:/courses/embeddedsystems/sdk/imt_sdk_win_64/winarm/armgcc/12.3.1-1.1.1/.content/bin/../lib/gcc/arm-none-eabi/12.3.1/../../../../arm-none-eabi/lib/thumb/v7e-m/nofp\libg_nano.a(libc_a-nano-vfprintf_i.o)
 .ARM.attributes
                0x00000437       0x2e d:/courses/embeddedsystems/sdk/imt_sdk_win_64/winarm/armgcc/12.3.1-1.1.1/.content/bin/../lib/gcc/arm-none-eabi/12.3.1/../../../../arm-none-eabi/lib/thumb/v7e-m/nofp\libg_nano.a(libc_a-memmove.o)
 .ARM.attributes
                0x00000465       0x1c d:/courses/embeddedsystems/sdk/imt_sdk_win_64/winarm/armgcc/12.3.1-1.1.1/.content/bin/../lib/gcc/arm-none-eabi/12.3.1/../../../../arm-none-eabi/lib/thumb/v7e-m/nofp\libg_nano.a(libc_a-memchr.o)
 .ARM.attributes
                0x00000481       0x2e d:/courses/embeddedsystems/sdk/imt_sdk_win_64/winarm/armgcc/12.3.1-1.1.1/.content/bin/../lib/gcc/arm-none-eabi/12.3.1/../../../../arm-none-eabi/lib/thumb/v7e-m/nofp\libg_nano.a(libc_a-memcpy-stub.o)
 .ARM.attributes
                0x000004af       0x2e d:/courses/embeddedsystems/sdk/imt_sdk_win_64/winarm/armgcc/12.3.1-1.1.1/.content/bin/../lib/gcc/arm-none-eabi/12.3.1/../../../../arm-none-eabi/lib/thumb/v7e-m/nofp\libg_nano.a(libc_a-freer.o)
 .ARM.attributes
                0x000004dd       0x2e d:/courses/embeddedsystems/sdk/imt_sdk_win_64/winarm/armgcc/12.3.1-1.1.1/.content/bin/../lib/gcc/arm-none-eabi/12.3.1/../../../../arm-none-eabi/lib/thumb/v7e-m/nofp\libg_nano.a(libc_a-mallocr.o)
 .ARM.attributes
                0x0000050b       0x2e d:/courses/embeddedsystems/sdk/imt_sdk_win_64/winarm/armgcc/12.3.1-1.1.1/.content/bin/../lib/gcc/arm-none-eabi/12.3.1/../../../../arm-none-eabi/lib/thumb/v7e-m/nofp\libg_nano.a(libc_a-mlock.o)
 .ARM.attributes
                0x00000539       0x2e d:/courses/embeddedsystems/sdk/imt_sdk_win_64/winarm/armgcc/12.3.1-1.1.1/.content/bin/../lib/gcc/arm-none-eabi/12.3.1/../../../../arm-none-eabi/lib/thumb/v7e-m/nofp\libg_nano.a(libc_a-reallocr.o)
 .ARM.attributes
                0x00000567       0x2e d:/courses/embeddedsystems/sdk/imt_sdk_win_64/winarm/armgcc/12.3.1-1.1.1/.content/bin/../lib/gcc/arm-none-eabi/12.3.1/../../../../arm-none-eabi/lib/thumb/v7e-m/nofp\libg_nano.a(libc_a-sbrkr.o)
 .ARM.attributes
                0x00000595       0x2e d:/courses/embeddedsystems/sdk/imt_sdk_win_64/winarm/armgcc/12.3.1-1.1.1/.content/bin/../lib/gcc/arm-none-eabi/12.3.1/../../../../arm-none-eabi/lib/thumb/v7e-m/nofp\libg_nano.a(libc_a-lock.o)
 .ARM.attributes
                0x000005c3       0x2e d:/courses/embeddedsystems/sdk/imt_sdk_win_64/winarm/armgcc/12.3.1-1.1.1/.content/bin/../lib/gcc/arm-none-eabi/12.3.1/../../../../arm-none-eabi/lib/thumb/v7e-m/nofp\libg_nano.a(libc_a-msizer.o)

.debug
 *(.debug)

.line
 *(.line)

.debug_srcinfo
 *(.debug_srcinfo)

.debug_sfnames
 *(.debug_sfnames)

.debug_aranges  0x00000000      0x4a0
 *(.debug_aranges)
 .debug_aranges
                0x00000000       0x28 ./system/src/newlib/exit.o
 .debug_aranges
                0x00000028       0x20 ./system/src/newlib/sbrk.o
 .debug_aranges
                0x00000048       0x40 ./system/src/newlib/startup.o
 .debug_aranges
                0x00000088       0x30 ./system/src/newlib/syscalls.o
 .debug_aranges
                0x000000b8       0x30 ./system/src/diag/trace-impl.o
 .debug_aranges
                0x000000e8       0x38 ./system/src/diag/trace.o
 .debug_aranges
                0x00000120       0x90 ./system/src/cortexm/exception-handlers.o
 .debug_aranges
                0x000001b0       0x28 ./system/src/cortexm/initialize-hardware.o
 .debug_aranges
                0x000001d8       0x28 ./system/src/cmsis/system_stm32f4xx.o
 .debug_aranges
                0x00000200       0x20 ./system/src/cmsis/vectors_stm32f401xc.o
 .debug_aranges
                0x00000220       0x78 ./src/EXTI_program.o
 .debug_aranges
                0x00000298       0x58 ./src/GPIO_program.o
 .debug_aranges
                0x000002f0       0x50 ./src/NVIC_program.o
 .debug_aranges
                0x00000340       0x48 ./src/RCC_program.o
 .debug_aranges
                0x00000388       0x90 ./src/STK_program.o
 .debug_aranges
                0x00000418       0x28 ./src/main.o
 .debug_aranges
                0x00000440       0x20 d:/courses/embeddedsystems/sdk/imt_sdk_win_64/winarm/armgcc/12.3.1-1.1.1/.content/bin/../lib/gcc/arm-none-eabi/12.3.1/thumb/v7e-m/nofp\libgcc.a(_arm_muldf3.o)
 .debug_aranges
                0x00000460       0x20 d:/courses/embeddedsystems/sdk/imt_sdk_win_64/winarm/armgcc/12.3.1-1.1.1/.content/bin/../lib/gcc/arm-none-eabi/12.3.1/thumb/v7e-m/nofp\libgcc.a(_arm_addsubdf3.o)
 .debug_aranges
                0x00000480       0x20 d:/courses/embeddedsystems/sdk/imt_sdk_win_64/winarm/armgcc/12.3.1-1.1.1/.content/bin/../lib/gcc/arm-none-eabi/12.3.1/thumb/v7e-m/nofp\libgcc.a(_arm_fixunsdfsi.o)

.debug_pubnames
 *(.debug_pubnames)

.debug_info     0x00000000     0x35c2
 *(.debug_info .gnu.linkonce.wi.*)
 .debug_info    0x00000000      0x104 ./system/src/newlib/exit.o
 .debug_info    0x00000104      0x10f ./system/src/newlib/sbrk.o
 .debug_info    0x00000213      0x54f ./system/src/newlib/startup.o
 .debug_info    0x00000762      0x1c3 ./system/src/newlib/syscalls.o
 .debug_info    0x00000925      0x319 ./system/src/diag/trace-impl.o
 .debug_info    0x00000c3e      0x34b ./system/src/diag/trace.o
 .debug_info    0x00000f89      0x91e ./system/src/cortexm/exception-handlers.o
 .debug_info    0x000018a7      0x278 ./system/src/cortexm/initialize-hardware.o
 .debug_info    0x00001b1f      0x53d ./system/src/cmsis/system_stm32f4xx.o
 .debug_info    0x0000205c      0x10b ./system/src/cmsis/vectors_stm32f401xc.o
 .debug_info    0x00002167      0x302 ./src/EXTI_program.o
 .debug_info    0x00002469      0x35b ./src/GPIO_program.o
 .debug_info    0x000027c4      0x2e8 ./src/NVIC_program.o
 .debug_info    0x00002aac      0x307 ./src/RCC_program.o
 .debug_info    0x00002db3      0x2db ./src/STK_program.o
 .debug_info    0x0000308e      0x3e6 ./src/main.o
 .debug_info    0x00003474       0x3f d:/courses/embeddedsystems/sdk/imt_sdk_win_64/winarm/armgcc/12.3.1-1.1.1/.content/bin/../lib/gcc/arm-none-eabi/12.3.1/thumb/v7e-m/nofp\libgcc.a(_arm_muldf3.o)
 .debug_info    0x000034b3       0xd3 d:/courses/embeddedsystems/sdk/imt_sdk_win_64/winarm/armgcc/12.3.1-1.1.1/.content/bin/../lib/gcc/arm-none-eabi/12.3.1/thumb/v7e-m/nofp\libgcc.a(_arm_addsubdf3.o)
 .debug_info    0x00003586       0x3c d:/courses/embeddedsystems/sdk/imt_sdk_win_64/winarm/armgcc/12.3.1-1.1.1/.content/bin/../lib/gcc/arm-none-eabi/12.3.1/thumb/v7e-m/nofp\libgcc.a(_arm_fixunsdfsi.o)

.debug_abbrev   0x00000000     0x14e4
 *(.debug_abbrev)
 .debug_abbrev  0x00000000       0xc5 ./system/src/newlib/exit.o
 .debug_abbrev  0x000000c5       0xcc ./system/src/newlib/sbrk.o
 .debug_abbrev  0x00000191      0x25a ./system/src/newlib/startup.o
 .debug_abbrev  0x000003eb      0x118 ./system/src/newlib/syscalls.o
 .debug_abbrev  0x00000503      0x1e6 ./system/src/diag/trace-impl.o
 .debug_abbrev  0x000006e9      0x184 ./system/src/diag/trace.o
 .debug_abbrev  0x0000086d      0x28c ./system/src/cortexm/exception-handlers.o
 .debug_abbrev  0x00000af9      0x105 ./system/src/cortexm/initialize-hardware.o
 .debug_abbrev  0x00000bfe      0x121 ./system/src/cmsis/system_stm32f4xx.o
 .debug_abbrev  0x00000d1f       0xb8 ./system/src/cmsis/vectors_stm32f401xc.o
 .debug_abbrev  0x00000dd7      0x162 ./src/EXTI_program.o
 .debug_abbrev  0x00000f39      0x12f ./src/GPIO_program.o
 .debug_abbrev  0x00001068      0x123 ./src/NVIC_program.o
 .debug_abbrev  0x0000118b       0xde ./src/RCC_program.o
 .debug_abbrev  0x00001269       0xff ./src/STK_program.o
 .debug_abbrev  0x00001368      0x106 ./src/main.o
 .debug_abbrev  0x0000146e       0x26 d:/courses/embeddedsystems/sdk/imt_sdk_win_64/winarm/armgcc/12.3.1-1.1.1/.content/bin/../lib/gcc/arm-none-eabi/12.3.1/thumb/v7e-m/nofp\libgcc.a(_arm_muldf3.o)
 .debug_abbrev  0x00001494       0x28 d:/courses/embeddedsystems/sdk/imt_sdk_win_64/winarm/armgcc/12.3.1-1.1.1/.content/bin/../lib/gcc/arm-none-eabi/12.3.1/thumb/v7e-m/nofp\libgcc.a(_arm_addsubdf3.o)
 .debug_abbrev  0x000014bc       0x28 d:/courses/embeddedsystems/sdk/imt_sdk_win_64/winarm/armgcc/12.3.1-1.1.1/.content/bin/../lib/gcc/arm-none-eabi/12.3.1/thumb/v7e-m/nofp\libgcc.a(_arm_fixunsdfsi.o)

.debug_line     0x00000000     0x5896
 *(.debug_line)
 .debug_line    0x00000000      0x3d2 ./system/src/newlib/exit.o
 .debug_line    0x000003d2      0x3c3 ./system/src/newlib/sbrk.o
 .debug_line    0x00000795      0x64d ./system/src/newlib/startup.o
 .debug_line    0x00000de2      0x50b ./system/src/newlib/syscalls.o
 .debug_line    0x000012ed      0xbc5 ./system/src/diag/trace-impl.o
 .debug_line    0x00001eb2      0x4ad ./system/src/diag/trace.o
 .debug_line    0x0000235f      0xe0d ./system/src/cortexm/exception-handlers.o
 .debug_line    0x0000316c      0x851 ./system/src/cortexm/initialize-hardware.o
 .debug_line    0x000039bd      0x8e3 ./system/src/cmsis/system_stm32f4xx.o
 .debug_line    0x000042a0      0x135 ./system/src/cmsis/vectors_stm32f401xc.o
 .debug_line    0x000043d5      0x315 ./src/EXTI_program.o
 .debug_line    0x000046ea      0x61c ./src/GPIO_program.o
 .debug_line    0x00004d06      0x1d5 ./src/NVIC_program.o
 .debug_line    0x00004edb      0x230 ./src/RCC_program.o
 .debug_line    0x0000510b      0x334 ./src/STK_program.o
 .debug_line    0x0000543f      0x195 ./src/main.o
 .debug_line    0x000055d4       0xf5 d:/courses/embeddedsystems/sdk/imt_sdk_win_64/winarm/armgcc/12.3.1-1.1.1/.content/bin/../lib/gcc/arm-none-eabi/12.3.1/thumb/v7e-m/nofp\libgcc.a(_arm_muldf3.o)
 .debug_line    0x000056c9      0x16f d:/courses/embeddedsystems/sdk/imt_sdk_win_64/winarm/armgcc/12.3.1-1.1.1/.content/bin/../lib/gcc/arm-none-eabi/12.3.1/thumb/v7e-m/nofp\libgcc.a(_arm_addsubdf3.o)
 .debug_line    0x00005838       0x5e d:/courses/embeddedsystems/sdk/imt_sdk_win_64/winarm/armgcc/12.3.1-1.1.1/.content/bin/../lib/gcc/arm-none-eabi/12.3.1/thumb/v7e-m/nofp\libgcc.a(_arm_fixunsdfsi.o)

.debug_frame    0x00000000      0x930
 *(.debug_frame)
 .debug_frame   0x00000000       0x38 ./system/src/newlib/exit.o
 .debug_frame   0x00000038       0x28 ./system/src/newlib/sbrk.o
 .debug_frame   0x00000060       0x7c ./system/src/newlib/startup.o
 .debug_frame   0x000000dc       0x50 ./system/src/newlib/syscalls.o
 .debug_frame   0x0000012c       0x64 ./system/src/diag/trace-impl.o
 .debug_frame   0x00000190       0x94 ./system/src/diag/trace.o
 .debug_frame   0x00000224      0x158 ./system/src/cortexm/exception-handlers.o
 .debug_frame   0x0000037c       0x40 ./system/src/cortexm/initialize-hardware.o
 .debug_frame   0x000003bc       0x30 ./system/src/cmsis/system_stm32f4xx.o
 .debug_frame   0x000003ec       0x20 ./system/src/cmsis/vectors_stm32f401xc.o
 .debug_frame   0x0000040c      0x11c ./src/EXTI_program.o
 .debug_frame   0x00000528       0x9c ./src/GPIO_program.o
 .debug_frame   0x000005c4       0xa4 ./src/NVIC_program.o
 .debug_frame   0x00000668       0x70 ./src/RCC_program.o
 .debug_frame   0x000006d8      0x118 ./src/STK_program.o
 .debug_frame   0x000007f0       0x40 ./src/main.o
 .debug_frame   0x00000830       0x30 d:/courses/embeddedsystems/sdk/imt_sdk_win_64/winarm/armgcc/12.3.1-1.1.1/.content/bin/../lib/gcc/arm-none-eabi/12.3.1/thumb/v7e-m/nofp\libgcc.a(_arm_muldf3.o)
 .debug_frame   0x00000860       0xac d:/courses/embeddedsystems/sdk/imt_sdk_win_64/winarm/armgcc/12.3.1-1.1.1/.content/bin/../lib/gcc/arm-none-eabi/12.3.1/thumb/v7e-m/nofp\libgcc.a(_arm_addsubdf3.o)
 .debug_frame   0x0000090c       0x24 d:/courses/embeddedsystems/sdk/imt_sdk_win_64/winarm/armgcc/12.3.1-1.1.1/.content/bin/../lib/gcc/arm-none-eabi/12.3.1/thumb/v7e-m/nofp\libgcc.a(_arm_fixunsdfsi.o)

.debug_str      0x00000000    0xa95af
 *(.debug_str)
 .debug_str     0x00000000     0x7a81 ./system/src/newlib/exit.o
                               0x7be7 (size before relaxing)
 .debug_str     0x00007a81      0x4df ./system/src/newlib/sbrk.o
                               0x6fca (size before relaxing)
 .debug_str     0x00007f60      0xc28 ./system/src/newlib/startup.o
                               0x66dc (size before relaxing)
 .debug_str     0x00008b88     0x1513 ./system/src/newlib/syscalls.o
                               0x8f59 (size before relaxing)
 .debug_str     0x0000a09b    0x9c625 ./system/src/diag/trace-impl.o
                              0xa3a91 (size before relaxing)
 .debug_str     0x000a66c0      0x7f6 ./system/src/diag/trace.o
                               0x835b (size before relaxing)
 .debug_str     0x000a6eb6      0x20c ./system/src/cortexm/exception-handlers.o
                              0xa4d67 (size before relaxing)
 .debug_str     0x000a70c2       0x5d ./system/src/cortexm/initialize-hardware.o
                              0xa0071 (size before relaxing)
 .debug_str     0x000a711f      0x182 ./system/src/cmsis/system_stm32f4xx.o
                              0xa0171 (size before relaxing)
 .debug_str     0x000a72a1       0x59 ./system/src/cmsis/vectors_stm32f401xc.o
                               0x39ec (size before relaxing)
 .debug_str     0x000a72fa      0x4ec ./src/EXTI_program.o
                               0x3373 (size before relaxing)
 .debug_str     0x000a77e6      0x696 ./src/GPIO_program.o
                               0x35e2 (size before relaxing)
 .debug_str     0x000a7e7c      0x949 ./src/NVIC_program.o
                               0x3885 (size before relaxing)
 .debug_str     0x000a87c5      0x804 ./src/RCC_program.o
                               0x381d (size before relaxing)
 .debug_str     0x000a8fc9      0x384 ./src/STK_program.o
                               0x32f1 (size before relaxing)
 .debug_str     0x000a934d       0x8b ./src/main.o
                               0x414e (size before relaxing)
 .debug_str     0x000a93d8      0x12b d:/courses/embeddedsystems/sdk/imt_sdk_win_64/winarm/armgcc/12.3.1-1.1.1/.content/bin/../lib/gcc/arm-none-eabi/12.3.1/thumb/v7e-m/nofp\libgcc.a(_arm_muldf3.o)
                                0x138 (size before relaxing)
 .debug_str     0x000a9503       0x9f d:/courses/embeddedsystems/sdk/imt_sdk_win_64/winarm/armgcc/12.3.1-1.1.1/.content/bin/../lib/gcc/arm-none-eabi/12.3.1/thumb/v7e-m/nofp\libgcc.a(_arm_addsubdf3.o)
                                0x1ce (size before relaxing)
 .debug_str     0x000a95a2        0xd d:/courses/embeddedsystems/sdk/imt_sdk_win_64/winarm/armgcc/12.3.1-1.1.1/.content/bin/../lib/gcc/arm-none-eabi/12.3.1/thumb/v7e-m/nofp\libgcc.a(_arm_fixunsdfsi.o)
                                0x13d (size before relaxing)

.debug_loc
 *(.debug_loc)

.debug_macinfo
 *(.debug_macinfo)

.debug_weaknames
 *(.debug_weaknames)

.debug_funcnames
 *(.debug_funcnames)

.debug_typenames
 *(.debug_typenames)

.debug_varnames
 *(.debug_varnames)
OUTPUT(BootloaderTest.elf elf32-littlearm)
LOAD linker stubs

.debug_loclists
                0x00000000     0x1069
 .debug_loclists
                0x00000000       0x17 ./system/src/newlib/exit.o
 .debug_loclists
                0x00000017       0x69 ./system/src/newlib/sbrk.o
 .debug_loclists
                0x00000080      0x2b7 ./system/src/newlib/startup.o
 .debug_loclists
                0x00000337       0x51 ./system/src/newlib/syscalls.o
 .debug_loclists
                0x00000388       0xf5 ./system/src/diag/trace-impl.o
 .debug_loclists
                0x0000047d       0xb2 ./system/src/diag/trace.o
 .debug_loclists
                0x0000052f      0x203 ./system/src/cortexm/exception-handlers.o
 .debug_loclists
                0x00000732       0xdb ./system/src/cmsis/system_stm32f4xx.o
 .debug_loclists
                0x0000080d       0xe4 ./src/EXTI_program.o
 .debug_loclists
                0x000008f1      0x4ab ./src/GPIO_program.o
 .debug_loclists
                0x00000d9c      0x19a ./src/NVIC_program.o
 .debug_loclists
                0x00000f36       0xa0 ./src/RCC_program.o
 .debug_loclists
                0x00000fd6       0x6f ./src/STK_program.o
 .debug_loclists
                0x00001045       0x24 ./src/main.o

.debug_rnglists
                0x00000000      0x327
 .debug_rnglists
                0x00000000       0x19 ./system/src/newlib/exit.o
 .debug_rnglists
                0x00000019       0x13 ./system/src/newlib/sbrk.o
 .debug_rnglists
                0x0000002c       0x50 ./system/src/newlib/startup.o
 .debug_rnglists
                0x0000007c       0x1f ./system/src/newlib/syscalls.o
 .debug_rnglists
                0x0000009b       0x2b ./system/src/diag/trace-impl.o
 .debug_rnglists
                0x000000c6       0x25 ./system/src/diag/trace.o
 .debug_rnglists
                0x000000eb       0x74 ./system/src/cortexm/exception-handlers.o
 .debug_rnglists
                0x0000015f       0x19 ./system/src/cortexm/initialize-hardware.o
 .debug_rnglists
                0x00000178       0x1a ./system/src/cmsis/system_stm32f4xx.o
 .debug_rnglists
                0x00000192       0x13 ./system/src/cmsis/vectors_stm32f401xc.o
 .debug_rnglists
                0x000001a5       0x55 ./src/EXTI_program.o
 .debug_rnglists
                0x000001fa       0x43 ./src/GPIO_program.o
 .debug_rnglists
                0x0000023d       0x38 ./src/NVIC_program.o
 .debug_rnglists
                0x00000275       0x31 ./src/RCC_program.o
 .debug_rnglists
                0x000002a6       0x67 ./src/STK_program.o
 .debug_rnglists
                0x0000030d       0x1a ./src/main.o

.debug_macro    0x00000000     0x3a7c
 .debug_macro   0x00000000      0x1ae ./system/src/newlib/exit.o
 .debug_macro   0x000001ae      0x163 ./system/src/newlib/sbrk.o
 .debug_macro   0x00000311       0x10 ./system/src/newlib/sbrk.o
 .debug_macro   0x00000321      0x23c ./system/src/newlib/sbrk.o
 .debug_macro   0x0000055d      0x15f ./system/src/newlib/startup.o
 .debug_macro   0x000006bc      0xac0 ./system/src/newlib/startup.o
 .debug_macro   0x0000117c      0x239 ./system/src/newlib/syscalls.o
 .debug_macro   0x000013b5       0x1c ./system/src/newlib/syscalls.o
 .debug_macro   0x000013d1       0x10 ./system/src/newlib/syscalls.o
 .debug_macro   0x000013e1       0x10 ./system/src/newlib/syscalls.o
 .debug_macro   0x000013f1       0x10 ./system/src/newlib/syscalls.o
 .debug_macro   0x00001401       0x35 ./system/src/newlib/syscalls.o
 .debug_macro   0x00001436      0x12c ./system/src/newlib/syscalls.o
 .debug_macro   0x00001562       0xce ./system/src/newlib/syscalls.o
 .debug_macro   0x00001630       0x7c ./system/src/newlib/syscalls.o
 .debug_macro   0x000016ac       0x17 ./system/src/newlib/syscalls.o
 .debug_macro   0x000016c3      0x118 ./system/src/newlib/syscalls.o
 .debug_macro   0x000017db      0x18a ./system/src/newlib/syscalls.o
 .debug_macro   0x00001965       0x16 ./system/src/newlib/syscalls.o
 .debug_macro   0x0000197b      0x4e6 ./system/src/diag/trace-impl.o
 .debug_macro   0x00001e61       0x10 ./system/src/diag/trace-impl.o
 .debug_macro   0x00001e71       0x22 ./system/src/diag/trace-impl.o
 .debug_macro   0x00001e93      0x1f4 ./system/src/diag/trace.o
 .debug_macro   0x00002087       0x16 ./system/src/diag/trace.o
 .debug_macro   0x0000209d       0x9e ./system/src/diag/trace.o
 .debug_macro   0x0000213b      0x10b ./system/src/diag/trace.o
 .debug_macro   0x00002246       0x10 ./system/src/diag/trace.o
 .debug_macro   0x00002256       0x16 ./system/src/diag/trace.o
 .debug_macro   0x0000226c       0x16 ./system/src/diag/trace.o
 .debug_macro   0x00002282      0x170 ./system/src/diag/trace.o
 .debug_macro   0x000023f2       0x4c ./system/src/diag/trace.o
 .debug_macro   0x0000243e       0xc1 ./system/src/diag/trace.o
 .debug_macro   0x000024ff       0x16 ./system/src/diag/trace.o
 .debug_macro   0x00002515      0x544 ./system/src/cortexm/exception-handlers.o
 .debug_macro   0x00002a59       0x10 ./system/src/cortexm/exception-handlers.o
 .debug_macro   0x00002a69      0x390 ./system/src/cortexm/initialize-hardware.o
 .debug_macro   0x00002df9      0x38c ./system/src/cmsis/system_stm32f4xx.o
 .debug_macro   0x00003185       0x34 ./system/src/cmsis/vectors_stm32f401xc.o
 .debug_macro   0x000031b9       0x3f ./src/EXTI_program.o
 .debug_macro   0x000031f8       0x16 ./src/EXTI_program.o
 .debug_macro   0x0000320e       0x22 ./src/EXTI_program.o
 .debug_macro   0x00003230       0xac ./src/EXTI_program.o
 .debug_macro   0x000032dc       0x2e ./src/EXTI_program.o
 .debug_macro   0x0000330a       0x3f ./src/GPIO_program.o
 .debug_macro   0x00003349      0x136 ./src/GPIO_program.o
 .debug_macro   0x0000347f       0x64 ./src/GPIO_program.o
 .debug_macro   0x000034e3       0x3f ./src/NVIC_program.o
 .debug_macro   0x00003522      0x178 ./src/NVIC_program.o
 .debug_macro   0x0000369a       0x28 ./src/NVIC_program.o
 .debug_macro   0x000036c2       0x3e ./src/RCC_program.o
 .debug_macro   0x00003700      0x196 ./src/RCC_program.o
 .debug_macro   0x00003896       0xa6 ./src/RCC_program.o
 .debug_macro   0x0000393c       0x1c ./src/RCC_program.o
 .debug_macro   0x00003958       0x3e ./src/STK_program.o
 .debug_macro   0x00003996       0x22 ./src/STK_program.o
 .debug_macro   0x000039b8       0x4c ./src/STK_program.o
 .debug_macro   0x00003a04       0x1c ./src/STK_program.o
 .debug_macro   0x00003a20       0x5c ./src/main.o

.debug_line_str
                0x00000000      0x114
 .debug_line_str
                0x00000000      0x114 d:/courses/embeddedsystems/sdk/imt_sdk_win_64/winarm/armgcc/12.3.1-1.1.1/.content/bin/../lib/gcc/arm-none-eabi/12.3.1/thumb/v7e-m/nofp\libgcc.a(_arm_muldf3.o)
 .debug_line_str
                0x00000114      0x114 d:/courses/embeddedsystems/sdk/imt_sdk_win_64/winarm/armgcc/12.3.1-1.1.1/.content/bin/../lib/gcc/arm-none-eabi/12.3.1/thumb/v7e-m/nofp\libgcc.a(_arm_addsubdf3.o)
 .debug_line_str
                0x00000114      0x114 d:/courses/embeddedsystems/sdk/imt_sdk_win_64/winarm/armgcc/12.3.1-1.1.1/.content/bin/../lib/gcc/arm-none-eabi/12.3.1/thumb/v7e-m/nofp\libgcc.a(_arm_fixunsdfsi.o)
