../Src/HMotor_Program.c:18:6:HMotor_VoidCarInit	16	static
../Src/HMotor_Program.c:39:6:HMotor_VoidCarForword	8	static
../Src/HMotor_Program.c:48:6:HMotor_VoidCarBackword	8	static
../Src/HMotor_Program.c:57:6:HMotor_VoidCarRight	8	static
../Src/HMotor_Program.c:65:6:HMotor_VoidCarLeft	8	static
../Src/HMotor_Program.c:74:6:HMotor_VoidCarStop	8	static
../Src/HMotor_Program.c:83:6:HMotor_VoidCarSpeed	16	static
../Src/HMotor_Program.c:92:6:HMotor_VoidCarSpeedRight	16	static
../Src/HMotor_Program.c:100:6:HMotor_VoidCarSpeedLeft	16	static
