../Src/MEXTI_Program.c:19:6:MEXTI_voidInit	16	static
../Src/MEXTI_Program.c:55:6:MEXTI_voidEnableEXTILine	16	static
../Src/MEXTI_Program.c:61:6:MEXTI_voidDisableEXTILine	16	static
../Src/MEXTI_Program.c:67:6:MEXTI_voidSetCallBack	16	static
../Src/MEXTI_Program.c:73:6:MEXTI_voidSoftwareInterrputRequest	16	static
../Src/MEXTI_Program.c:79:6:MEXTI_voidClearPendingFlag	16	static
../Src/MEXTI_Program.c:85:6:MEXTI_voidSelectPort	16	static
../Src/MEXTI_Program.c:92:6:MEXTI_voidSetMode	16	static
../Src/MEXTI_Program.c:111:6:EXTI0_IRQHandler	8	static
../Src/MEXTI_Program.c:119:6:EXTI1_IRQHandler	8	static
