Archive member included to satisfy reference by file (symbol)

d:/courses/embeddedsystems/eclipse/winarm/armgcc/12.3.1-1.1.1/.content/bin/../lib/gcc/arm-none-eabi/12.3.1/thumb/v7e-m/nofp\libgcc.a(_arm_muldf3.o)
                              ./src/MSTK_program.o (__aeabi_dmul)
d:/courses/embeddedsystems/eclipse/winarm/armgcc/12.3.1-1.1.1/.content/bin/../lib/gcc/arm-none-eabi/12.3.1/thumb/v7e-m/nofp\libgcc.a(_arm_addsubdf3.o)
                              ./src/MSTK_program.o (__aeabi_ui2d)
d:/courses/embeddedsystems/eclipse/winarm/armgcc/12.3.1-1.1.1/.content/bin/../lib/gcc/arm-none-eabi/12.3.1/thumb/v7e-m/nofp\libgcc.a(_arm_muldivdf3.o)
                              ./src/MSTK_program.o (__aeabi_ddiv)
d:/courses/embeddedsystems/eclipse/winarm/armgcc/12.3.1-1.1.1/.content/bin/../lib/gcc/arm-none-eabi/12.3.1/thumb/v7e-m/nofp\libgcc.a(_arm_fixunsdfsi.o)
                              ./src/MSTK_program.o (__aeabi_d2uiz)
d:/courses/embeddedsystems/eclipse/winarm/armgcc/12.3.1-1.1.1/.content/bin/../lib/gcc/arm-none-eabi/12.3.1/thumb/v7e-m/nofp\libgcc.a(_aeabi_uldivmod.o)
                              ./system/src/stm32f4-hal/stm32f4xx_hal_rcc.o (__aeabi_uldivmod)
d:/courses/embeddedsystems/eclipse/winarm/armgcc/12.3.1-1.1.1/.content/bin/../lib/gcc/arm-none-eabi/12.3.1/thumb/v7e-m/nofp\libgcc.a(_udivmoddi4.o)
                              d:/courses/embeddedsystems/eclipse/winarm/armgcc/12.3.1-1.1.1/.content/bin/../lib/gcc/arm-none-eabi/12.3.1/thumb/v7e-m/nofp\libgcc.a(_aeabi_uldivmod.o) (__udivmoddi4)
d:/courses/embeddedsystems/eclipse/winarm/armgcc/12.3.1-1.1.1/.content/bin/../lib/gcc/arm-none-eabi/12.3.1/thumb/v7e-m/nofp\libgcc.a(_dvmd_tls.o)
                              d:/courses/embeddedsystems/eclipse/winarm/armgcc/12.3.1-1.1.1/.content/bin/../lib/gcc/arm-none-eabi/12.3.1/thumb/v7e-m/nofp\libgcc.a(_aeabi_uldivmod.o) (__aeabi_ldiv0)
d:/courses/embeddedsystems/eclipse/winarm/armgcc/12.3.1-1.1.1/.content/bin/../lib/gcc/arm-none-eabi/12.3.1/../../../../arm-none-eabi/lib/thumb/v7e-m/nofp\libg_nano.a(libc_a-vsnprintf.o)
                              ./system/src/diag/trace.o (vsnprintf)
d:/courses/embeddedsystems/eclipse/winarm/armgcc/12.3.1-1.1.1/.content/bin/../lib/gcc/arm-none-eabi/12.3.1/../../../../arm-none-eabi/lib/thumb/v7e-m/nofp\libg_nano.a(libc_a-impure.o)
                              d:/courses/embeddedsystems/eclipse/winarm/armgcc/12.3.1-1.1.1/.content/bin/../lib/gcc/arm-none-eabi/12.3.1/../../../../arm-none-eabi/lib/thumb/v7e-m/nofp\libg_nano.a(libc_a-vsnprintf.o) (_impure_ptr)
d:/courses/embeddedsystems/eclipse/winarm/armgcc/12.3.1-1.1.1/.content/bin/../lib/gcc/arm-none-eabi/12.3.1/../../../../arm-none-eabi/lib/thumb/v7e-m/nofp\libg_nano.a(libc_a-errno.o)
                              ./system/src/newlib/sbrk.o (__errno)
d:/courses/embeddedsystems/eclipse/winarm/armgcc/12.3.1-1.1.1/.content/bin/../lib/gcc/arm-none-eabi/12.3.1/../../../../arm-none-eabi/lib/thumb/v7e-m/nofp\libg_nano.a(libc_a-strlen.o)
                              ./system/src/diag/trace.o (strlen)
d:/courses/embeddedsystems/eclipse/winarm/armgcc/12.3.1-1.1.1/.content/bin/../lib/gcc/arm-none-eabi/12.3.1/../../../../arm-none-eabi/lib/thumb/v7e-m/nofp\libg_nano.a(libc_a-nano-svfprintf.o)
                              d:/courses/embeddedsystems/eclipse/winarm/armgcc/12.3.1-1.1.1/.content/bin/../lib/gcc/arm-none-eabi/12.3.1/../../../../arm-none-eabi/lib/thumb/v7e-m/nofp\libg_nano.a(libc_a-vsnprintf.o) (_svfprintf_r)
d:/courses/embeddedsystems/eclipse/winarm/armgcc/12.3.1-1.1.1/.content/bin/../lib/gcc/arm-none-eabi/12.3.1/../../../../arm-none-eabi/lib/thumb/v7e-m/nofp\libg_nano.a(libc_a-nano-vfprintf_i.o)
                              d:/courses/embeddedsystems/eclipse/winarm/armgcc/12.3.1-1.1.1/.content/bin/../lib/gcc/arm-none-eabi/12.3.1/../../../../arm-none-eabi/lib/thumb/v7e-m/nofp\libg_nano.a(libc_a-nano-svfprintf.o) (_printf_i)
d:/courses/embeddedsystems/eclipse/winarm/armgcc/12.3.1-1.1.1/.content/bin/../lib/gcc/arm-none-eabi/12.3.1/../../../../arm-none-eabi/lib/thumb/v7e-m/nofp\libg_nano.a(libc_a-memmove.o)
                              d:/courses/embeddedsystems/eclipse/winarm/armgcc/12.3.1-1.1.1/.content/bin/../lib/gcc/arm-none-eabi/12.3.1/../../../../arm-none-eabi/lib/thumb/v7e-m/nofp\libg_nano.a(libc_a-nano-svfprintf.o) (memmove)
d:/courses/embeddedsystems/eclipse/winarm/armgcc/12.3.1-1.1.1/.content/bin/../lib/gcc/arm-none-eabi/12.3.1/../../../../arm-none-eabi/lib/thumb/v7e-m/nofp\libg_nano.a(libc_a-memchr.o)
                              d:/courses/embeddedsystems/eclipse/winarm/armgcc/12.3.1-1.1.1/.content/bin/../lib/gcc/arm-none-eabi/12.3.1/../../../../arm-none-eabi/lib/thumb/v7e-m/nofp\libg_nano.a(libc_a-nano-svfprintf.o) (memchr)
d:/courses/embeddedsystems/eclipse/winarm/armgcc/12.3.1-1.1.1/.content/bin/../lib/gcc/arm-none-eabi/12.3.1/../../../../arm-none-eabi/lib/thumb/v7e-m/nofp\libg_nano.a(libc_a-memcpy-stub.o)
[...]
Memory Configuration

Name             Origin             Length             Attributes
RAM              0x20000000         0x00010000         xrw
CCMRAM           0x10000000         0x00000000         xrw
FLASH            0x08000000         0x00004000         xr
FLASHB1          0x00000000         0x00000000         xr
EXTMEMB0         0x00000000         0x00000000         xr
EXTMEMB1         0x00000000         0x00000000         xr
EXTMEMB2         0x00000000         0x00000000         xr
EXTMEMB3         0x00000000         0x00000000         xr
*default*        0x00000000         0xffffffff

Linker script and memory map

LOAD ./system/src/stm32f4-hal/stm32f4xx_hal.o
LOAD ./system/src/stm32f4-hal/stm32f4xx_hal_cortex.o
LOAD ./system/src/stm32f4-hal/stm32f4xx_hal_flash.o
LOAD ./system/src/stm32f4-hal/stm32f4xx_hal_flash_ex.o
LOAD ./system/src/stm32f4-hal/stm32f4xx_hal_flash_ramfunc.o
LOAD ./system/src/stm32f4-hal/stm32f4xx_hal_gpio.o
LOAD ./system/src/stm32f4-hal/stm32f4xx_hal_iwdg.o
LOAD ./system/src/stm32f4-hal/stm32f4xx_hal_pwr.o
LOAD ./system/src/stm32f4-hal/stm32f4xx_hal_rcc.o
LOAD ./system/src/newlib/assert.o
LOAD ./system/src/newlib/cxx.o
LOAD ./system/src/newlib/exit.o
LOAD ./system/src/newlib/sbrk.o
LOAD ./system/src/newlib/startup.o
LOAD ./system/src/newlib/syscalls.o
LOAD ./system/src/diag/trace-impl.o
LOAD ./system/src/diag/trace.o
LOAD ./system/src/cortexm/exception-handlers.o
LOAD ./system/src/cortexm/initialize-hardware.o
LOAD ./system/src/cortexm/reset-hardware.o
LOAD ./system/src/cmsis/system_stm32f4xx.o
LOAD ./system/src/cmsis/vectors_stm32f401xc.o
LOAD ./src/MFMI_program.o
LOAD ./src/MGPIO_program.o
LOAD ./src/MRCC_program.o
LOAD ./src/MSCB_program.o
LOAD ./src/MSTK_program.o
LOAD ./src/MUART_program.o
LOAD ./src/SHexParser_program.o
LOAD ./src/main.o
LOAD d:/courses/embeddedsystems/eclipse/winarm/armgcc/12.3.1-1.1.1/.content/bin/../lib/gcc/arm-none-eabi/12.3.1/../../../../arm-none-eabi/lib/thumb/v7e-m/nofp\libstdc++_nano.a
LOAD d:/courses/embeddedsystems/eclipse/winarm/armgcc/12.3.1-1.1.1/.content/bin/../lib/gcc/arm-none-eabi/12.3.1/../../../../arm-none-eabi/lib/thumb/v7e-m/nofp\libm.a
START GROUP
LOAD d:/courses/embeddedsystems/eclipse/winarm/armgcc/12.3.1-1.1.1/.content/bin/../lib/gcc/arm-none-eabi/12.3.1/thumb/v7e-m/nofp\libgcc.a
LOAD d:/courses/embeddedsystems/eclipse/winarm/armgcc/12.3.1-1.1.1/.content/bin/../lib/gcc/arm-none-eabi/12.3.1/../../../../arm-none-eabi/lib/thumb/v7e-m/nofp\libg_nano.a
LOAD d:/courses/embeddedsystems/eclipse/winarm/armgcc/12.3.1-1.1.1/.content/bin/../lib/gcc/arm-none-eabi/12.3.1/../../../../arm-none-eabi/lib/thumb/v7e-m/nofp\libc_nano.a
END GROUP
START GROUP
LOAD d:/courses/embeddedsystems/eclipse/winarm/armgcc/12.3.1-1.1.1/.content/bin/../lib/gcc/arm-none-eabi/12.3.1/thumb/v7e-m/nofp\libgcc.a
LOAD d:/courses/embeddedsystems/eclipse/winarm/armgcc/12.3.1-1.1.1/.content/bin/../lib/gcc/arm-none-eabi/12.3.1/../../../../arm-none-eabi/lib/thumb/v7e-m/nofp\libc_nano.a
END GROUP
                0x20010000                        __stack = (ORIGIN (RAM) + LENGTH (RAM))
                0x20010000                        _estack = __stack
                0x00000400                        __Main_Stack_Size = 0x400
                [!provide]                        PROVIDE (_Main_Stack_Size = __Main_Stack_Size)
                0x2000fc00                        __Main_Stack_Limit = (__stack - __Main_Stack_Size)
                [!provide]                        PROVIDE (_Main_Stack_Limit = __Main_Stack_Limit)
                0x00000100                        _Minimum_Stack_Size = 0x100
                0x20000260                        PROVIDE (_Heap_Begin = _end_noinit)
                0x2000fc00                        PROVIDE (_Heap_Limit = (__stack - __Main_Stack_Size))

.isr_vector     0x08000000      0x3f4
 FILL mask 0xff
                0x08000000                        __vectors_start = ABSOLUTE (.)
                0x08000000                        __vectors_start__ = ABSOLUTE (.)
 *(.isr_vector)
 .isr_vector    0x08000000      0x194 ./system/src/cmsis/vectors_stm32f401xc.o
                0x08000000                __isr_vectors
 *(.cfmconfig)
 *(.after_vectors .after_vectors.*)
 .after_vectors
                0x08000194      0x130 ./system/src/newlib/startup.o
                0x08000194                _start
 .after_vectors
                0x080002c4      0x12c ./system/src/cortexm/exception-handlers.o
                0x080002c4                Reset_Handler
                0x080002ca                NMI_Handler
                0x080002ce                HardFault_Handler
                0x080002e2                HardFault_Handler_C
                0x08000340                MemManage_Handler
                0x08000344                BusFault_Handler
                0x08000358                BusFault_Handler_C
                0x0800038c                UsageFault_Handler
                0x080003a0                UsageFault_Handler_C
                0x080003d4                SVC_Handler
                0x080003d8                DebugMon_Handler
                0x080003dc                PendSV_Handler
 .after_vectors
                0x080003f0        0x4 ./system/src/cmsis/vectors_stm32f401xc.o
                0x080003f0                RTC_Alarm_IRQHandler
                0x080003f0                EXTI2_IRQHandler
                0x080003f0                SPI4_IRQHandler
                0x080003f0                TIM1_CC_IRQHandler
                0x080003f0                DMA2_Stream5_IRQHandler
                0x080003f0                DMA1_Stream5_IRQHandler
                0x080003f0                PVD_IRQHandler
                0x080003f0                SDIO_IRQHandler
                0x080003f0                TAMP_STAMP_IRQHandler
                0x080003f0                EXTI3_IRQHandler
                0x080003f0                TIM1_UP_TIM10_IRQHandler
                0x080003f0                I2C3_ER_IRQHandler
                0x080003f0                EXTI0_IRQHandler
                0x080003f0                I2C2_EV_IRQHandler
                0x080003f0                DMA1_Stream2_IRQHandler
                0x080003f0                FPU_IRQHandler
                0x080003f0                DMA2_Stream2_IRQHandler
                0x080003f0                SPI1_IRQHandler
                0x080003f0                TIM1_BRK_TIM9_IRQHandler
                0x080003f0                DMA2_Stream3_IRQHandler
                0x080003f0                DMA2_Stream0_IRQHandler
                0x080003f0                TIM4_IRQHandler
                0x080003f0                I2C1_EV_IRQHandler
                0x080003f0                DMA1_Stream6_IRQHandler
                0x080003f0                DMA1_Stream1_IRQHandler
                0x080003f0                TIM3_IRQHandler
                0x080003f0                RCC_IRQHandler
                0x080003f0                Default_Handler
                0x080003f0                EXTI15_10_IRQHandler
                0x080003f0                ADC_IRQHandler
                0x080003f0                DMA1_Stream7_IRQHandler
                0x080003f0                TIM5_IRQHandler
                0x080003f0                DMA2_Stream7_IRQHandler
                0x080003f0                I2C3_EV_IRQHandler
                0x080003f0                EXTI9_5_IRQHandler
                0x080003f0                RTC_WKUP_IRQHandler
                0x080003f0                SPI2_IRQHandler
                0x080003f0                DMA1_Stream0_IRQHandler
                0x080003f0                EXTI4_IRQHandler
                0x080003f0                WWDG_IRQHandler
                0x080003f0                TIM2_IRQHandler
                0x080003f0                OTG_FS_WKUP_IRQHandler
                0x080003f0                TIM1_TRG_COM_TIM11_IRQHandler
                0x080003f0                EXTI1_IRQHandler
                0x080003f0                I2C2_ER_IRQHandler
                0x080003f0                DMA2_Stream1_IRQHandler
                0x080003f0                FLASH_IRQHandler
                0x080003f0                DMA2_Stream4_IRQHandler
                0x080003f0                OTG_FS_IRQHandler
                0x080003f0                SPI3_IRQHandler
                0x080003f0                DMA1_Stream4_IRQHandler
                0x080003f0                I2C1_ER_IRQHandler
                0x080003f0                DMA2_Stream6_IRQHandler
                0x080003f0                DMA1_Stream3_IRQHandler

.inits          0x080003f4       0x28
                0x080003f4                        __data_regions_array_start = .
                0x080003f4        0x4 LONG 0x80026d4 LOADADDR (.data)
                0x080003f8        0x4 LONG 0x20000000 ADDR (.data)
                0x080003fc        0x4 LONG 0x20000068 (ADDR (.data) + SIZEOF (.data))
                0x08000400        0x4 LONG 0x80026d4 LOADADDR (.data_CCMRAM)
                0x08000404        0x4 LONG 0x10000000 ADDR (.data_CCMRAM)
                0x08000408        0x4 LONG 0x10000000 (ADDR (.data_CCMRAM) + SIZEOF (.data_CCMRAM))
                0x0800040c                        __data_regions_array_end = .
                0x0800040c                        __bss_regions_array_start = .
                0x0800040c        0x4 LONG 0x20000068 ADDR (.bss)
                0x08000410        0x4 LONG 0x20000260 (ADDR (.bss) + SIZEOF (.bss))
                0x08000414        0x4 LONG 0x10000000 ADDR (.bss_CCMRAM)
                0x08000418        0x4 LONG 0x10000000 (ADDR (.bss_CCMRAM) + SIZEOF (.bss_CCMRAM))
                0x0800041c                        __bss_regions_array_end = .
 *(.init)
 *(.fini)
                0x0800041c                        . = ALIGN (0x4)
                0x0800041c                        PROVIDE (__preinit_array_start = .)
 *(.preinit_array_sysinit .preinit_array_sysinit.*)
 *(.preinit_array_platform .preinit_array_platform.*)
 *(.preinit_array .preinit_array.*)
                0x0800041c                        PROVIDE (__preinit_array_end = .)
                0x0800041c                        . = ALIGN (0x4)
                0x0800041c                        PROVIDE (__init_array_start = .)
 *(SORT_BY_NAME(.init_array.*))
 *(.init_array)
                0x0800041c                        PROVIDE (__init_array_end = .)
                0x0800041c                        . = ALIGN (0x4)
                0x0800041c                        PROVIDE (__fini_array_start = .)
 *(SORT_BY_NAME(.fini_array.*))
 *(.fini_array)
                0x0800041c                        PROVIDE (__fini_array_end = .)

.flashtext
 *(.flashtext .flashtext.*)

.text           0x08000420     0x22ac
 *(.text .text.*)
 .text._exit    0x08000420        0x2 ./system/src/newlib/exit.o
                0x08000420                _exit
 *fill*         0x08000422        0x2 
 .text._sbrk    0x08000424       0x44 ./system/src/newlib/sbrk.o
                0x08000424                _sbrk
 .text.__initialize_args
                0x08000468       0x10 ./system/src/newlib/syscalls.o
                0x08000468                __initialize_args
 .text._trace_write_semihosting_debug
                0x08000478       0x62 ./system/src/diag/trace-impl.o
 .text.trace_write
                0x080004da        0x8 ./system/src/diag/trace-impl.o
                0x080004da                trace_write
 *fill*         0x080004e2        0x2 
 .text.trace_printf
                0x080004e4       0x34 ./system/src/diag/trace.o
                0x080004e4                trace_printf
 .text.dumpExceptionStack
                0x08000518       0xf4 ./system/src/cortexm/exception-handlers.o
                0x08000518                dumpExceptionStack
 .text.isSemihosting
                0x0800060c       0x20 ./system/src/cortexm/exception-handlers.o
                0x0800060c                isSemihosting
 .text.__initialize_hardware_early
                0x0800062c       0x18 ./system/src/cortexm/initialize-hardware.o
                0x0800062c                __initialize_hardware_early
 .text.__initialize_hardware
                0x08000644        0x8 ./system/src/cortexm/initialize-hardware.o
                0x08000644                __initialize_hardware
 .text.SystemInit
                0x0800064c       0x10 ./system/src/cmsis/system_stm32f4xx.o
                0x0800064c                SystemInit
 .text.SystemCoreClockUpdate
                0x0800065c       0xa0 ./system/src/cmsis/system_stm32f4xx.o
                0x0800065c                SystemCoreClockUpdate
 .text.MFMI_voidFlashWrite
                0x080006fc       0x90 ./src/MFMI_program.o
                0x080006fc                MFMI_voidFlashWrite
 .text.MGPIO_voidSetPinMode
                0x0800078c       0x94 ./src/MGPIO_program.o
                0x0800078c                MGPIO_voidSetPinMode
 .text.MGPIO_voidSetPinOutputMode
                0x08000820       0xd4 ./src/MGPIO_program.o
                0x08000820                MGPIO_voidSetPinOutputMode
 .text.MGPIO_voidSetPinAltrenativeFunction
                0x080008f4      0x104 ./src/MGPIO_program.o
                0x080008f4                MGPIO_voidSetPinAltrenativeFunction
 .text.MGPIO_voidSetPinValue
                0x080009f8       0x9c ./src/MGPIO_program.o
                0x080009f8                MGPIO_voidSetPinValue
 .text.MRCC_voidInit
                0x08000a94       0x4c ./src/MRCC_program.o
                0x08000a94                MRCC_voidInit
 .text.MRCC_voidEnablePeripheral
                0x08000ae0       0x4c ./src/MRCC_program.o
                0x08000ae0                MRCC_voidEnablePeripheral
 .text.MSCB_voidSetVectorTable
                0x08000b2c        0xa ./src/MSCB_program.o
                0x08000b2c                MSCB_voidSetVectorTable
 .text.MSTK_voidInit
                0x08000b36        0xa ./src/MSTK_program.o
                0x08000b36                MSTK_voidInit
 .text.MSTK_voidStop
                0x08000b40       0x14 ./src/MSTK_program.o
                0x08000b40                MSTK_voidStop
 *fill*         0x08000b54        0x4 
 .text.MSTK_voidSetSingleIntervalMS
                0x08000b58       0x50 ./src/MSTK_program.o
                0x08000b58                MSTK_voidSetSingleIntervalMS
 .text.MSTK_voidGetElapsedTime
                0x08000ba8       0x28 ./src/MSTK_program.o
                0x08000ba8                MSTK_voidGetElapsedTime
 .text.SysTick_Handler
                0x08000bd0       0x34 ./src/MSTK_program.o
                0x08000bd0                SysTick_Handler
 .text.MUART1_voidInit
                0x08000c04       0x44 ./src/MUART_program.o
                0x08000c04                MUART1_voidInit
 .text.MUART1_voidTransmit
                0x08000c48       0x24 ./src/MUART_program.o
                0x08000c48                MUART1_voidTransmit
 .text.MUART1_u8ReceiveWithoutBlocking
                0x08000c6c       0x1c ./src/MUART_program.o
                0x08000c6c                MUART1_u8ReceiveWithoutBlocking
 .text.MUART1_voidEnable
                0x08000c88       0x20 ./src/MUART_program.o
                0x08000c88                MUART1_voidEnable
 .text.USART1_IRQHandler
                0x08000ca8       0x10 ./src/MUART_program.o
                0x08000ca8                USART1_IRQHandler
 .text.USART2_IRQHandler
                0x08000cb8       0x10 ./src/MUART_program.o
                0x08000cb8                USART2_IRQHandler
 .text.USART6_IRQHandler
                0x08000cc8       0x10 ./src/MUART_program.o
                0x08000cc8                USART6_IRQHandler
 .text.SHexParser_u8AsciiToHex
                0x08000cd8       0x20 ./src/SHexParser_program.o
 .text.SHexParser_tenumStatusParseData
                0x08000cf8      0x1c4 ./src/SHexParser_program.o
                0x08000cf8                SHexParser_tenumStatusParseData
 .text.SHexParser_tenumStatusSetHighAddress
                0x08000ebc      0x108 ./src/SHexParser_program.o
                0x08000ebc                SHexParser_tenumStatusSetHighAddress
 .text.SHexParser_tenumStatusSetStartAddress
                0x08000fc4      0x114 ./src/SHexParser_program.o
                0x08000fc4                SHexParser_tenumStatusSetStartAddress
 .text.SHexParser_tenumStatusParseRecord
                0x080010d8       0x54 ./src/SHexParser_program.o
                0x080010d8                SHexParser_tenumStatusParseRecord
 .text.SHexParser_tenumStatusSetCallBack
                0x0800112c       0x14 ./src/SHexParser_program.o
                0x0800112c                SHexParser_tenumStatusSetCallBack
 .text.APP_voidStartApplication
                0x08001140       0x94 ./src/main.o
                0x08001140                APP_voidStartApplication
 .text.main     0x080011d4      0x130 ./src/main.o
                0x080011d4                main
 .text          0x08001304      0x378 d:/courses/embeddedsystems/eclipse/winarm/armgcc/12.3.1-1.1.1/.content/bin/../lib/gcc/arm-none-eabi/12.3.1/thumb/v7e-m/nofp\libgcc.a(_arm_addsubdf3.o)
                0x08001304                __aeabi_drsub
                0x0800130c                __aeabi_dsub
                0x0800130c                __subdf3
                0x08001310                __aeabi_dadd
                0x08001310                __adddf3
                0x08001588                __floatunsidf
                0x08001588                __aeabi_ui2d
                0x080015a8                __floatsidf
                0x080015a8                __aeabi_i2d
                0x080015cc                __aeabi_f2d
                0x080015cc                __extendsfdf2
                0x08001610                __floatundidf
                0x08001610                __aeabi_ul2d
                0x08001620                __floatdidf
                0x08001620                __aeabi_l2d
 .text          0x0800167c      0x424 d:/courses/embeddedsystems/eclipse/winarm/armgcc/12.3.1-1.1.1/.content/bin/../lib/gcc/arm-none-eabi/12.3.1/thumb/v7e-m/nofp\libgcc.a(_arm_muldivdf3.o)
                0x0800167c                __aeabi_dmul
                0x0800167c                __muldf3
                0x080018d0                __divdf3
                0x080018d0                __aeabi_ddiv
 .text          0x08001aa0       0x40 d:/courses/embeddedsystems/eclipse/winarm/armgcc/12.3.1-1.1.1/.content/bin/../lib/gcc/arm-none-eabi/12.3.1/thumb/v7e-m/nofp\libgcc.a(_arm_fixunsdfsi.o)
                0x08001aa0                __aeabi_d2uiz
                0x08001aa0                __fixunsdfsi
 .text._vsnprintf_r
                0x08001ae0       0x56 d:/courses/embeddedsystems/eclipse/winarm/armgcc/12.3.1-1.1.1/.content/bin/../lib/gcc/arm-none-eabi/12.3.1/../../../../arm-none-eabi/lib/thumb/v7e-m/nofp\libg_nano.a(libc_a-vsnprintf.o)
                0x08001ae0                _vsniprintf_r
                0x08001ae0                _vsnprintf_r
 *fill*         0x08001b36        0x2 
 .text.vsnprintf
                0x08001b38       0x1c d:/courses/embeddedsystems/eclipse/winarm/armgcc/12.3.1-1.1.1/.content/bin/../lib/gcc/arm-none-eabi/12.3.1/../../../../arm-none-eabi/lib/thumb/v7e-m/nofp\libg_nano.a(libc_a-vsnprintf.o)
                0x08001b38                vsniprintf
                0x08001b38                vsnprintf
 .text.__errno  0x08001b54        0xc d:/courses/embeddedsystems/eclipse/winarm/armgcc/12.3.1-1.1.1/.content/bin/../lib/gcc/arm-none-eabi/12.3.1/../../../../arm-none-eabi/lib/thumb/v7e-m/nofp\libg_nano.a(libc_a-errno.o)
                0x08001b54                __errno
 .text.__ssputs_r
                0x08001b60       0xb6 d:/courses/embeddedsystems/eclipse/winarm/armgcc/12.3.1-1.1.1/.content/bin/../lib/gcc/arm-none-eabi/12.3.1/../../../../arm-none-eabi/lib/thumb/v7e-m/nofp\libg_nano.a(libc_a-nano-svfprintf.o)
                0x08001b60                __ssputs_r
 *fill*         0x08001c16        0x2 
 .text._svfprintf_r
                0x08001c18      0x1f8 d:/courses/embeddedsystems/eclipse/winarm/armgcc/12.3.1-1.1.1/.content/bin/../lib/gcc/arm-none-eabi/12.3.1/../../../../arm-none-eabi/lib/thumb/v7e-m/nofp\libg_nano.a(libc_a-nano-svfprintf.o)
                0x08001c18                _svfiprintf_r
                0x08001c18                _svfprintf_r
 .text._printf_common
                0x08001e10       0xda d:/courses/embeddedsystems/eclipse/winarm/armgcc/12.3.1-1.1.1/.content/bin/../lib/gcc/arm-none-eabi/12.3.1/../../../../arm-none-eabi/lib/thumb/v7e-m/nofp\libg_nano.a(libc_a-nano-vfprintf_i.o)
                0x08001e10                _printf_common
 *fill*         0x08001eea        0x2 
 .text._printf_i
                0x08001eec      0x258 d:/courses/embeddedsystems/eclipse/winarm/armgcc/12.3.1-1.1.1/.content/bin/../lib/gcc/arm-none-eabi/12.3.1/../../../../arm-none-eabi/lib/thumb/v7e-m/nofp\libg_nano.a(libc_a-nano-vfprintf_i.o)
                0x08001eec                _printf_i
 .text.memmove  0x08002144       0x34 d:/courses/embeddedsystems/eclipse/winarm/armgcc/12.3.1-1.1.1/.content/bin/../lib/gcc/arm-none-eabi/12.3.1/../../../../arm-none-eabi/lib/thumb/v7e-m/nofp\libg_nano.a(libc_a-memmove.o)
                0x08002144                memmove
 *fill*         0x08002178        0x8 
 .text          0x08002180       0xa0 d:/courses/embeddedsystems/eclipse/winarm/armgcc/12.3.1-1.1.1/.content/bin/../lib/gcc/arm-none-eabi/12.3.1/../../../../arm-none-eabi/lib/thumb/v7e-m/nofp\libg_nano.a(libc_a-memchr.o)
                0x08002180                memchr
 .text.memcpy   0x08002220       0x1c d:/courses/embeddedsystems/eclipse/winarm/armgcc/12.3.1-1.1.1/.content/bin/../lib/gcc/arm-none-eabi/12.3.1/../../../../arm-none-eabi/lib/thumb/v7e-m/nofp\libg_nano.a(libc_a-memcpy-stub.o)
                0x08002220                memcpy
 .text._free_r  0x0800223c       0x94 d:/courses/embeddedsystems/eclipse/winarm/armgcc/12.3.1-1.1.1/.content/bin/../lib/gcc/arm-none-eabi/12.3.1/../../../../arm-none-eabi/lib/thumb/v7e-m/nofp\libg_nano.a(libc_a-freer.o)
                0x0800223c                _free_r
 .text.sbrk_aligned
                0x080022d0       0x44 d:/courses/embeddedsystems/eclipse/winarm/armgcc/12.3.1-1.1.1/.content/bin/../lib/gcc/arm-none-eabi/12.3.1/../../../../arm-none-eabi/lib/thumb/v7e-m/nofp\libg_nano.a(libc_a-mallocr.o)
 .text._malloc_r
                0x08002314      0x100 d:/courses/embeddedsystems/eclipse/winarm/armgcc/12.3.1-1.1.1/.content/bin/../lib/gcc/arm-none-eabi/12.3.1/../../../../arm-none-eabi/lib/thumb/v7e-m/nofp\libg_nano.a(libc_a-mallocr.o)
                0x08002314                _malloc_r
 .text.__malloc_lock
                0x08002414        0xc d:/courses/embeddedsystems/eclipse/winarm/armgcc/12.3.1-1.1.1/.content/bin/../lib/gcc/arm-none-eabi/12.3.1/../../../../arm-none-eabi/lib/thumb/v7e-m/nofp\libg_nano.a(libc_a-mlock.o)
                0x08002414                __malloc_lock
 .text.__malloc_unlock
                0x08002420        0xc d:/courses/embeddedsystems/eclipse/winarm/armgcc/12.3.1-1.1.1/.content/bin/../lib/gcc/arm-none-eabi/12.3.1/../../../../arm-none-eabi/lib/thumb/v7e-m/nofp\libg_nano.a(libc_a-mlock.o)
                0x08002420                __malloc_unlock
 .text._realloc_r
                0x0800242c       0x5c d:/courses/embeddedsystems/eclipse/winarm/armgcc/12.3.1-1.1.1/.content/bin/../lib/gcc/arm-none-eabi/12.3.1/../../../../arm-none-eabi/lib/thumb/v7e-m/nofp\libg_nano.a(libc_a-reallocr.o)
                0x0800242c                _realloc_r
 .text._sbrk_r  0x08002488       0x20 d:/courses/embeddedsystems/eclipse/winarm/armgcc/12.3.1-1.1.1/.content/bin/../lib/gcc/arm-none-eabi/12.3.1/../../../../arm-none-eabi/lib/thumb/v7e-m/nofp\libg_nano.a(libc_a-sbrkr.o)
                0x08002488                _sbrk_r
 .text.__retarget_lock_acquire_recursive
                0x080024a8        0x2 d:/courses/embeddedsystems/eclipse/winarm/armgcc/12.3.1-1.1.1/.content/bin/../lib/gcc/arm-none-eabi/12.3.1/../../../../arm-none-eabi/lib/thumb/v7e-m/nofp\libg_nano.a(libc_a-lock.o)
                0x080024a8                __retarget_lock_acquire_recursive
 .text.__retarget_lock_release_recursive
                0x080024aa        0x2 d:/courses/embeddedsystems/eclipse/winarm/armgcc/12.3.1-1.1.1/.content/bin/../lib/gcc/arm-none-eabi/12.3.1/../../../../arm-none-eabi/lib/thumb/v7e-m/nofp\libg_nano.a(libc_a-lock.o)
                0x080024aa                __retarget_lock_release_recursive
 .text._malloc_usable_size_r
                0x080024ac       0x10 d:/courses/embeddedsystems/eclipse/winarm/armgcc/12.3.1-1.1.1/.content/bin/../lib/gcc/arm-none-eabi/12.3.1/../../../../arm-none-eabi/lib/thumb/v7e-m/nofp\libg_nano.a(libc_a-msizer.o)
                0x080024ac                _malloc_usable_size_r
 *(.rodata .rodata.* .constdata .constdata.*)
 .rodata.dumpExceptionStack.str1.4
                0x080024bc      0x11a ./system/src/cortexm/exception-handlers.o
 *fill*         0x080025d6        0x2 
 .rodata.str1.4
                0x080025d8       0x2a ./system/src/cortexm/exception-handlers.o
 *fill*         0x08002602        0x2 
 .rodata.AHBPrescTable
                0x08002604       0x10 ./system/src/cmsis/system_stm32f4xx.o
                0x08002604                AHBPrescTable
 .rodata.SHexParser_tenumStatusParseRecord.str1.4
                0x08002614        0x2 ./src/SHexParser_program.o
 *fill*         0x08002616        0x2 
 .rodata.main.str1.4
                0x08002618        0x6 ./src/main.o
                                  0xa (size before relaxing)
 .rodata._svfprintf_r.str1.1
                0x0800261e       0x11 d:/courses/embeddedsystems/eclipse/winarm/armgcc/12.3.1-1.1.1/.content/bin/../lib/gcc/arm-none-eabi/12.3.1/../../../../arm-none-eabi/lib/thumb/v7e-m/nofp\libg_nano.a(libc_a-nano-svfprintf.o)
 .rodata._printf_i.str1.1
                0x0800262f       0x22 d:/courses/embeddedsystems/eclipse/winarm/armgcc/12.3.1-1.1.1/.content/bin/../lib/gcc/arm-none-eabi/12.3.1/../../../../arm-none-eabi/lib/thumb/v7e-m/nofp\libg_nano.a(libc_a-nano-vfprintf_i.o)
 *(vtable)
 *(.eh_frame*)
 *fill*         0x08002651        0x3 
 .eh_frame      0x08002654       0x28 d:/courses/embeddedsystems/eclipse/winarm/armgcc/12.3.1-1.1.1/.content/bin/../lib/gcc/arm-none-eabi/12.3.1/../../../../arm-none-eabi/lib/thumb/v7e-m/nofp\libg_nano.a(libc_a-strlen.o)
 .eh_frame      0x0800267c       0x50 d:/courses/embeddedsystems/eclipse/winarm/armgcc/12.3.1-1.1.1/.content/bin/../lib/gcc/arm-none-eabi/12.3.1/../../../../arm-none-eabi/lib/thumb/v7e-m/nofp\libg_nano.a(libc_a-memchr.o)
 *(.glue_7)
 .glue_7        0x080026cc        0x0 linker stubs
 *(.glue_7t)
 .glue_7t       0x080026cc        0x0 linker stubs

.vfp11_veneer   0x080026cc        0x0
 .vfp11_veneer  0x080026cc        0x0 linker stubs

.v4_bx          0x080026cc        0x0
 .v4_bx         0x080026cc        0x0 linker stubs

.iplt           0x080026cc        0x0
 .iplt          0x080026cc        0x0 ./system/src/newlib/sbrk.o

.ARM.extab
 *(.ARM.extab* .gnu.linkonce.armextab.*)
                0x080026cc                        . = ALIGN (0x4)
                0x080026cc                        __exidx_start = .

.ARM.exidx      0x080026cc        0x8
 *(.ARM.exidx* .gnu.linkonce.armexidx.*)
 .ARM.exidx     0x080026cc        0x8 d:/courses/embeddedsystems/eclipse/winarm/armgcc/12.3.1-1.1.1/.content/bin/../lib/gcc/arm-none-eabi/12.3.1/../../../../arm-none-eabi/lib/thumb/v7e-m/nofp\libg_nano.a(libc_a-memchr.o)
                0x080026d4                        __exidx_end = .

.rel.dyn        0x080026d4        0x0
 .rel.iplt      0x080026d4        0x0 ./system/src/newlib/sbrk.o
                0x080026d4                        . = ALIGN (0x4)
                0x080026d4                        _etext = .
                0x080026d4                        __etext = .

.data_CCMRAM    0x10000000        0x0 load address 0x080026d4
 FILL mask 0xff
 *(.data.CCMRAM .data.CCMRAM.*)
                0x10000000                        . = ALIGN (0x4)
                0x080026d4                        _sidata = LOADADDR (.data)

.data           0x20000000       0x68 load address 0x080026d4
 FILL mask 0xff
                0x20000000                        _sdata = .
                0x20000000                        __data_start__ = .
 *(.data_begin .data_begin.*)
 .data_begin    0x20000000        0x4 ./system/src/newlib/startup.o
 *(.data .data.*)
 .data.argv.1   0x20000004        0x8 ./system/src/newlib/syscalls.o
 .data.SystemCoreClock
                0x2000000c        0x4 ./system/src/cmsis/system_stm32f4xx.o
                0x2000000c                SystemCoreClock
 .data.Local_u8Flag.0
                0x20000010        0x1 ./src/SHexParser_program.o
 .data.u8WriteReq
                0x20000011        0x1 ./src/main.o
                0x20000011                u8WriteReq
 *fill*         0x20000012        0x2 ff
 .data._impure_ptr
                0x20000014        0x4 d:/courses/embeddedsystems/eclipse/winarm/armgcc/12.3.1-1.1.1/.content/bin/../lib/gcc/arm-none-eabi/12.3.1/../../../../arm-none-eabi/lib/thumb/v7e-m/nofp\libg_nano.a(libc_a-impure.o)
                0x20000014                _impure_ptr
 .data._impure_data
                0x20000018       0x4c d:/courses/embeddedsystems/eclipse/winarm/armgcc/12.3.1-1.1.1/.content/bin/../lib/gcc/arm-none-eabi/12.3.1/../../../../arm-none-eabi/lib/thumb/v7e-m/nofp\libg_nano.a(libc_a-impure.o)
                0x20000018                _impure_data
 *(.data_end .data_end.*)
 .data_end      0x20000064        0x4 ./system/src/newlib/startup.o
                0x20000068                        . = ALIGN (0x4)
                0x20000068                        _edata = .
                0x20000068                        __data_end__ = .

.igot.plt       0x20000068        0x0 load address 0x0800273c
 .igot.plt      0x20000068        0x0 ./system/src/newlib/sbrk.o

.bss_CCMRAM     0x10000000        0x0
 *(.bss.CCMRAM .bss.CCMRAM.*)

.bss            0x20000068      0x1f8
                0x20000068                        __bss_start__ = .
                0x20000068                        _sbss = .
 *(.bss_begin .bss_begin.*)
 .bss_begin     0x20000068        0x4 ./system/src/newlib/startup.o
 *(.bss .bss.*)
 .bss.current_heap_end.0
                0x2000006c        0x4 ./system/src/newlib/sbrk.o
 .bss.name.0    0x20000070        0x1 ./system/src/newlib/syscalls.o
 *fill*         0x20000071        0x3 
 .bss.errno     0x20000074        0x4 ./system/src/newlib/syscalls.o
                0x20000074                errno
 .bss.buf.0     0x20000078       0x80 ./system/src/diag/trace.o
 .bss.Global_u8IntervalMode
                0x200000f8        0x1 ./src/MSTK_program.o
 *fill*         0x200000f9        0x3 
 .bss.Global_pfNotification
                0x200000fc        0x4 ./src/MSTK_program.o
 .bss.pfGlobalNotificationFunction_Uart6
                0x20000100        0x4 ./src/MUART_program.o
                0x20000100                pfGlobalNotificationFunction_Uart6
 .bss.pfGlobalNotificationFunction_Uart2
                0x20000104        0x4 ./src/MUART_program.o
                0x20000104                pfGlobalNotificationFunction_Uart2
 .bss.pfGlobalNotificationFunction_Uart1
                0x20000108        0x4 ./src/MUART_program.o
                0x20000108                pfGlobalNotificationFunction_Uart1
 .bss.Global_u32ApplicationAddress
                0x2000010c        0x4 ./src/SHexParser_program.o
                0x2000010c                Global_u32ApplicationAddress
 .bss.Global_u32StartAddress
                0x20000110        0x4 ./src/SHexParser_program.o
                0x20000110                Global_u32StartAddress
 .bss.Global_u32FlashBaseAddress
                0x20000114        0x4 ./src/SHexParser_program.o
                0x20000114                Global_u32FlashBaseAddress
 .bss.Global_pfNotificationFunction
                0x20000118        0x4 ./src/SHexParser_program.o
 .bss.Global_u16DataBuffer
                0x2000011c       0xc8 ./src/SHexParser_program.o
 .bss.EntryPoint
                0x200001e4        0x4 ./src/main.o
                0x200001e4                EntryPoint
 .bss.TimeOutFlag
                0x200001e8        0x1 ./src/main.o
                0x200001e8                TimeOutFlag
 .bss.u8RecCounter
                0x200001e9        0x1 ./src/main.o
                0x200001e9                u8RecCounter
 *fill*         0x200001ea        0x2 
 .bss.ReceiveBuffer
                0x200001ec       0x64 ./src/main.o
                0x200001ec                ReceiveBuffer
 .bss.__malloc_sbrk_start
                0x20000250        0x4 d:/courses/embeddedsystems/eclipse/winarm/armgcc/12.3.1-1.1.1/.content/bin/../lib/gcc/arm-none-eabi/12.3.1/../../../../arm-none-eabi/lib/thumb/v7e-m/nofp\libg_nano.a(libc_a-mallocr.o)
                0x20000250                __malloc_sbrk_start
 .bss.__malloc_free_list
                0x20000254        0x4 d:/courses/embeddedsystems/eclipse/winarm/armgcc/12.3.1-1.1.1/.content/bin/../lib/gcc/arm-none-eabi/12.3.1/../../../../arm-none-eabi/lib/thumb/v7e-m/nofp\libg_nano.a(libc_a-mallocr.o)
                0x20000254                __malloc_free_list
 .bss.__lock___malloc_recursive_mutex
                0x20000258        0x1 d:/courses/embeddedsystems/eclipse/winarm/armgcc/12.3.1-1.1.1/.content/bin/../lib/gcc/arm-none-eabi/12.3.1/../../../../arm-none-eabi/lib/thumb/v7e-m/nofp\libg_nano.a(libc_a-lock.o)
                0x20000258                __lock___malloc_recursive_mutex
 *(COMMON)
 *(.bss_end .bss_end.*)
 *fill*         0x20000259        0x3 
 .bss_end       0x2000025c        0x4 ./system/src/newlib/startup.o
                0x20000260                        . = ALIGN (0x4)
                0x20000260                        __bss_end__ = .
                0x20000260                        _ebss = .

.noinit_CCMRAM
 *(.noinit.CCMRAM .noinit.CCMRAM.*)

.noinit         0x20000260        0x0
                0x20000260                        _noinit = .
 *(.noinit .noinit.*)
                0x20000260                        . = ALIGN (0x4)
                0x20000260                        _end_noinit = .
                [!provide]                        PROVIDE (end = _end_noinit)
                [!provide]                        PROVIDE (_end = _end_noinit)
                [!provide]                        PROVIDE (__end = _end_noinit)
                [!provide]                        PROVIDE (__end__ = _end_noinit)

._check_stack   0x20000260      0x100
                0x20000360                        . = (. + _Minimum_Stack_Size)
 *fill*         0x20000260      0x100 

.b1text
 *(.b1text)
 *(.b1rodata)
 *(.b1rodata.*)

.eb0text
 *(.eb0text)
 *(.eb0rodata)
 *(.eb0rodata.*)

.eb1text
 *(.eb1text)
 *(.eb1rodata)
 *(.eb1rodata.*)

.eb2text
 *(.eb2text)
 *(.eb2rodata)
 *(.eb2rodata.*)

.eb3text
 *(.eb3text)
 *(.eb3rodata)
 *(.eb3rodata.*)

.stab
 *(.stab)

.stabstr
 *(.stabstr)

.stab.excl
 *(.stab.excl)

.stab.exclstr
 *(.stab.exclstr)

.stab.index
 *(.stab.index)

.stab.indexstr
 *(.stab.indexstr)

.comment        0x00000000       0x39
 *(.comment)
 .comment       0x00000000       0x39 ./system/src/newlib/exit.o
                                 0x3a (size before relaxing)
 .comment       0x00000039       0x3a ./system/src/newlib/sbrk.o
 .comment       0x00000039       0x3a ./system/src/newlib/startup.o
 .comment       0x00000039       0x3a ./system/src/newlib/syscalls.o
 .comment       0x00000039       0x3a ./system/src/diag/trace-impl.o
 .comment       0x00000039       0x3a ./system/src/diag/trace.o
 .comment       0x00000039       0x3a ./system/src/cortexm/exception-handlers.o
 .comment       0x00000039       0x3a ./system/src/cortexm/initialize-hardware.o
 .comment       0x00000039       0x3a ./system/src/cmsis/system_stm32f4xx.o
 .comment       0x00000039       0x3a ./system/src/cmsis/vectors_stm32f401xc.o
 .comment       0x00000039       0x3a ./src/MFMI_program.o
 .comment       0x00000039       0x3a ./src/MGPIO_program.o
 .comment       0x00000039       0x3a ./src/MRCC_program.o
 .comment       0x00000039       0x3a ./src/MSCB_program.o
 .comment       0x00000039       0x3a ./src/MSTK_program.o
 .comment       0x00000039       0x3a ./src/MUART_program.o
 .comment       0x00000039       0x3a ./src/SHexParser_program.o
 .comment       0x00000039       0x3a ./src/main.o
 .comment       0x00000039       0x3a d:/courses/embeddedsystems/eclipse/winarm/armgcc/12.3.1-1.1.1/.content/bin/../lib/gcc/arm-none-eabi/12.3.1/../../../../arm-none-eabi/lib/thumb/v7e-m/nofp\libg_nano.a(libc_a-vsnprintf.o)
 .comment       0x00000039       0x3a d:/courses/embeddedsystems/eclipse/winarm/armgcc/12.3.1-1.1.1/.content/bin/../lib/gcc/arm-none-eabi/12.3.1/../../../../arm-none-eabi/lib/thumb/v7e-m/nofp\libg_nano.a(libc_a-impure.o)
 .comment       0x00000039       0x3a d:/courses/embeddedsystems/eclipse/winarm/armgcc/12.3.1-1.1.1/.content/bin/../lib/gcc/arm-none-eabi/12.3.1/../../../../arm-none-eabi/lib/thumb/v7e-m/nofp\libg_nano.a(libc_a-errno.o)
 .comment       0x00000039       0x3a d:/courses/embeddedsystems/eclipse/winarm/armgcc/12.3.1-1.1.1/.content/bin/../lib/gcc/arm-none-eabi/12.3.1/../../../../arm-none-eabi/lib/thumb/v7e-m/nofp\libg_nano.a(libc_a-nano-svfprintf.o)
 .comment       0x00000039       0x3a d:/courses/embeddedsystems/eclipse/winarm/armgcc/12.3.1-1.1.1/.content/bin/../lib/gcc/arm-none-eabi/12.3.1/../../../../arm-none-eabi/lib/thumb/v7e-m/nofp\libg_nano.a(libc_a-nano-vfprintf_i.o)
 .comment       0x00000039       0x3a d:/courses/embeddedsystems/eclipse/winarm/armgcc/12.3.1-1.1.1/.content/bin/../lib/gcc/arm-none-eabi/12.3.1/../../../../arm-none-eabi/lib/thumb/v7e-m/nofp\libg_nano.a(libc_a-memmove.o)
 .comment       0x00000039       0x3a d:/courses/embeddedsystems/eclipse/winarm/armgcc/12.3.1-1.1.1/.content/bin/../lib/gcc/arm-none-eabi/12.3.1/../../../../arm-none-eabi/lib/thumb/v7e-m/nofp\libg_nano.a(libc_a-memcpy-stub.o)
 .comment       0x00000039       0x3a d:/courses/embeddedsystems/eclipse/winarm/armgcc/12.3.1-1.1.1/.content/bin/../lib/gcc/arm-none-eabi/12.3.1/../../../../arm-none-eabi/lib/thumb/v7e-m/nofp\libg_nano.a(libc_a-freer.o)
 .comment       0x00000039       0x3a d:/courses/embeddedsystems/eclipse/winarm/armgcc/12.3.1-1.1.1/.content/bin/../lib/gcc/arm-none-eabi/12.3.1/../../../../arm-none-eabi/lib/thumb/v7e-m/nofp\libg_nano.a(libc_a-mallocr.o)
 .comment       0x00000039       0x3a d:/courses/embeddedsystems/eclipse/winarm/armgcc/12.3.1-1.1.1/.content/bin/../lib/gcc/arm-none-eabi/12.3.1/../../../../arm-none-eabi/lib/thumb/v7e-m/nofp\libg_nano.a(libc_a-mlock.o)
 .comment       0x00000039       0x3a d:/courses/embeddedsystems/eclipse/winarm/armgcc/12.3.1-1.1.1/.content/bin/../lib/gcc/arm-none-eabi/12.3.1/../../../../arm-none-eabi/lib/thumb/v7e-m/nofp\libg_nano.a(libc_a-reallocr.o)
 .comment       0x00000039       0x3a d:/courses/embeddedsystems/eclipse/winarm/armgcc/12.3.1-1.1.1/.content/bin/../lib/gcc/arm-none-eabi/12.3.1/../../../../arm-none-eabi/lib/thumb/v7e-m/nofp\libg_nano.a(libc_a-sbrkr.o)
 .comment       0x00000039       0x3a d:/courses/embeddedsystems/eclipse/winarm/armgcc/12.3.1-1.1.1/.content/bin/../lib/gcc/arm-none-eabi/12.3.1/../../../../arm-none-eabi/lib/thumb/v7e-m/nofp\libg_nano.a(libc_a-lock.o)
 .comment       0x00000039       0x3a d:/courses/embeddedsystems/eclipse/winarm/armgcc/12.3.1-1.1.1/.content/bin/../lib/gcc/arm-none-eabi/12.3.1/../../../../arm-none-eabi/lib/thumb/v7e-m/nofp\libg_nano.a(libc_a-msizer.o)

.ARM.attributes
                0x00000000       0x2c
 .ARM.attributes
                0x00000000       0x2e ./system/src/newlib/exit.o
 .ARM.attributes
                0x0000002e       0x2e ./system/src/newlib/sbrk.o
 .ARM.attributes
                0x0000005c       0x2e ./system/src/newlib/startup.o
 .ARM.attributes
                0x0000008a       0x2e ./system/src/newlib/syscalls.o
 .ARM.attributes
                0x000000b8       0x2e ./system/src/diag/trace-impl.o
 .ARM.attributes
                0x000000e6       0x2e ./system/src/diag/trace.o
 .ARM.attributes
                0x00000114       0x2e ./system/src/cortexm/exception-handlers.o
 .ARM.attributes
                0x00000142       0x2e ./system/src/cortexm/initialize-hardware.o
 .ARM.attributes
                0x00000170       0x2e ./system/src/cmsis/system_stm32f4xx.o
 .ARM.attributes
                0x0000019e       0x2e ./system/src/cmsis/vectors_stm32f401xc.o
 .ARM.attributes
                0x000001cc       0x2e ./src/MFMI_program.o
 .ARM.attributes
                0x000001fa       0x2e ./src/MGPIO_program.o
 .ARM.attributes
                0x00000228       0x2e ./src/MRCC_program.o
 .ARM.attributes
                0x00000256       0x2e ./src/MSCB_program.o
 .ARM.attributes
                0x00000284       0x2e ./src/MSTK_program.o
 .ARM.attributes
                0x000002b2       0x2e ./src/MUART_program.o
 .ARM.attributes
                0x000002e0       0x2e ./src/SHexParser_program.o
 .ARM.attributes
                0x0000030e       0x2e ./src/main.o
 .ARM.attributes
                0x0000033c       0x1e d:/courses/embeddedsystems/eclipse/winarm/armgcc/12.3.1-1.1.1/.content/bin/../lib/gcc/arm-none-eabi/12.3.1/thumb/v7e-m/nofp\libgcc.a(_arm_addsubdf3.o)
 .ARM.attributes
                0x0000035a       0x1e d:/courses/embeddedsystems/eclipse/winarm/armgcc/12.3.1-1.1.1/.content/bin/../lib/gcc/arm-none-eabi/12.3.1/thumb/v7e-m/nofp\libgcc.a(_arm_muldivdf3.o)
 .ARM.attributes
                0x00000378       0x1e d:/courses/embeddedsystems/eclipse/winarm/armgcc/12.3.1-1.1.1/.content/bin/../lib/gcc/arm-none-eabi/12.3.1/thumb/v7e-m/nofp\libgcc.a(_arm_fixunsdfsi.o)
 .ARM.attributes
                0x00000396       0x2e d:/courses/embeddedsystems/eclipse/winarm/armgcc/12.3.1-1.1.1/.content/bin/../lib/gcc/arm-none-eabi/12.3.1/../../../../arm-none-eabi/lib/thumb/v7e-m/nofp\libg_nano.a(libc_a-vsnprintf.o)
 .ARM.attributes
                0x000003c4       0x2e d:/courses/embeddedsystems/eclipse/winarm/armgcc/12.3.1-1.1.1/.content/bin/../lib/gcc/arm-none-eabi/12.3.1/../../../../arm-none-eabi/lib/thumb/v7e-m/nofp\libg_nano.a(libc_a-impure.o)
 .ARM.attributes
                0x000003f2       0x2e d:/courses/embeddedsystems/eclipse/winarm/armgcc/12.3.1-1.1.1/.content/bin/../lib/gcc/arm-none-eabi/12.3.1/../../../../arm-none-eabi/lib/thumb/v7e-m/nofp\libg_nano.a(libc_a-errno.o)
 .ARM.attributes
                0x00000420       0x17 d:/courses/embeddedsystems/eclipse/winarm/armgcc/12.3.1-1.1.1/.content/bin/../lib/gcc/arm-none-eabi/12.3.1/../../../../arm-none-eabi/lib/thumb/v7e-m/nofp\libg_nano.a(libc_a-strlen.o)
 .ARM.attributes
                0x00000437       0x2e d:/courses/embeddedsystems/eclipse/winarm/armgcc/12.3.1-1.1.1/.content/bin/../lib/gcc/arm-none-eabi/12.3.1/../../../../arm-none-eabi/lib/thumb/v7e-m/nofp\libg_nano.a(libc_a-nano-svfprintf.o)
 .ARM.attributes
                0x00000465       0x2e d:/courses/embeddedsystems/eclipse/winarm/armgcc/12.3.1-1.1.1/.content/bin/../lib/gcc/arm-none-eabi/12.3.1/../../../../arm-none-eabi/lib/thumb/v7e-m/nofp\libg_nano.a(libc_a-nano-vfprintf_i.o)
 .ARM.attributes
                0x00000493       0x2e d:/courses/embeddedsystems/eclipse/winarm/armgcc/12.3.1-1.1.1/.content/bin/../lib/gcc/arm-none-eabi/12.3.1/../../../../arm-none-eabi/lib/thumb/v7e-m/nofp\libg_nano.a(libc_a-memmove.o)
 .ARM.attributes
                0x000004c1       0x1c d:/courses/embeddedsystems/eclipse/winarm/armgcc/12.3.1-1.1.1/.content/bin/../lib/gcc/arm-none-eabi/12.3.1/../../../../arm-none-eabi/lib/thumb/v7e-m/nofp\libg_nano.a(libc_a-memchr.o)
 .ARM.attributes
                0x000004dd       0x2e d:/courses/embeddedsystems/eclipse/winarm/armgcc/12.3.1-1.1.1/.content/bin/../lib/gcc/arm-none-eabi/12.3.1/../../../../arm-none-eabi/lib/thumb/v7e-m/nofp\libg_nano.a(libc_a-memcpy-stub.o)
 .ARM.attributes
                0x0000050b       0x2e d:/courses/embeddedsystems/eclipse/winarm/armgcc/12.3.1-1.1.1/.content/bin/../lib/gcc/arm-none-eabi/12.3.1/../../../../arm-none-eabi/lib/thumb/v7e-m/nofp\libg_nano.a(libc_a-freer.o)
 .ARM.attributes
                0x00000539       0x2e d:/courses/embeddedsystems/eclipse/winarm/armgcc/12.3.1-1.1.1/.content/bin/../lib/gcc/arm-none-eabi/12.3.1/../../../../arm-none-eabi/lib/thumb/v7e-m/nofp\libg_nano.a(libc_a-mallocr.o)
 .ARM.attributes
                0x00000567       0x2e d:/courses/embeddedsystems/eclipse/winarm/armgcc/12.3.1-1.1.1/.content/bin/../lib/gcc/arm-none-eabi/12.3.1/../../../../arm-none-eabi/lib/thumb/v7e-m/nofp\libg_nano.a(libc_a-mlock.o)
 .ARM.attributes
                0x00000595       0x2e d:/courses/embeddedsystems/eclipse/winarm/armgcc/12.3.1-1.1.1/.content/bin/../lib/gcc/arm-none-eabi/12.3.1/../../../../arm-none-eabi/lib/thumb/v7e-m/nofp\libg_nano.a(libc_a-reallocr.o)
 .ARM.attributes
                0x000005c3       0x2e d:/courses/embeddedsystems/eclipse/winarm/armgcc/12.3.1-1.1.1/.content/bin/../lib/gcc/arm-none-eabi/12.3.1/../../../../arm-none-eabi/lib/thumb/v7e-m/nofp\libg_nano.a(libc_a-sbrkr.o)
 .ARM.attributes
                0x000005f1       0x2e d:/courses/embeddedsystems/eclipse/winarm/armgcc/12.3.1-1.1.1/.content/bin/../lib/gcc/arm-none-eabi/12.3.1/../../../../arm-none-eabi/lib/thumb/v7e-m/nofp\libg_nano.a(libc_a-lock.o)
 .ARM.attributes
                0x0000061f       0x2e d:/courses/embeddedsystems/eclipse/winarm/armgcc/12.3.1-1.1.1/.content/bin/../lib/gcc/arm-none-eabi/12.3.1/../../../../arm-none-eabi/lib/thumb/v7e-m/nofp\libg_nano.a(libc_a-msizer.o)

.debug
 *(.debug)

.line
 *(.line)

.debug_srcinfo
 *(.debug_srcinfo)

.debug_sfnames
 *(.debug_sfnames)

.debug_aranges  0x00000000      0x568
 *(.debug_aranges)
 .debug_aranges
                0x00000000       0x28 ./system/src/newlib/exit.o
 .debug_aranges
                0x00000028       0x20 ./system/src/newlib/sbrk.o
 .debug_aranges
                0x00000048       0x40 ./system/src/newlib/startup.o
 .debug_aranges
                0x00000088       0x30 ./system/src/newlib/syscalls.o
 .debug_aranges
                0x000000b8       0x30 ./system/src/diag/trace-impl.o
 .debug_aranges
                0x000000e8       0x38 ./system/src/diag/trace.o
 .debug_aranges
                0x00000120       0x90 ./system/src/cortexm/exception-handlers.o
 .debug_aranges
                0x000001b0       0x28 ./system/src/cortexm/initialize-hardware.o
 .debug_aranges
                0x000001d8       0x28 ./system/src/cmsis/system_stm32f4xx.o
 .debug_aranges
                0x00000200       0x20 ./system/src/cmsis/vectors_stm32f401xc.o
 .debug_aranges
                0x00000220       0x30 ./src/MFMI_program.o
 .debug_aranges
                0x00000250       0x58 ./src/MGPIO_program.o
 .debug_aranges
                0x000002a8       0x48 ./src/MRCC_program.o
 .debug_aranges
                0x000002f0       0x28 ./src/MSCB_program.o
 .debug_aranges
                0x00000318       0x90 ./src/MSTK_program.o
 .debug_aranges
                0x000003a8       0xf0 ./src/MUART_program.o
 .debug_aranges
                0x00000498       0x48 ./src/SHexParser_program.o
 .debug_aranges
                0x000004e0       0x28 ./src/main.o
 .debug_aranges
                0x00000508       0x20 d:/courses/embeddedsystems/eclipse/winarm/armgcc/12.3.1-1.1.1/.content/bin/../lib/gcc/arm-none-eabi/12.3.1/thumb/v7e-m/nofp\libgcc.a(_arm_addsubdf3.o)
 .debug_aranges
                0x00000528       0x20 d:/courses/embeddedsystems/eclipse/winarm/armgcc/12.3.1-1.1.1/.content/bin/../lib/gcc/arm-none-eabi/12.3.1/thumb/v7e-m/nofp\libgcc.a(_arm_muldivdf3.o)
 .debug_aranges
                0x00000548       0x20 d:/courses/embeddedsystems/eclipse/winarm/armgcc/12.3.1-1.1.1/.content/bin/../lib/gcc/arm-none-eabi/12.3.1/thumb/v7e-m/nofp\libgcc.a(_arm_fixunsdfsi.o)

.debug_pubnames
 *(.debug_pubnames)

.debug_info     0x00000000     0x4068
 *(.debug_info .gnu.linkonce.wi.*)
 .debug_info    0x00000000      0x104 ./system/src/newlib/exit.o
 .debug_info    0x00000104      0x10f ./system/src/newlib/sbrk.o
 .debug_info    0x00000213      0x54f ./system/src/newlib/startup.o
 .debug_info    0x00000762      0x1c3 ./system/src/newlib/syscalls.o
 .debug_info    0x00000925      0x319 ./system/src/diag/trace-impl.o
 .debug_info    0x00000c3e      0x34b ./system/src/diag/trace.o
 .debug_info    0x00000f89      0x91e ./system/src/cortexm/exception-handlers.o
 .debug_info    0x000018a7      0x278 ./system/src/cortexm/initialize-hardware.o
 .debug_info    0x00001b1f      0x53d ./system/src/cmsis/system_stm32f4xx.o
 .debug_info    0x0000205c      0x10b ./system/src/cmsis/vectors_stm32f401xc.o
 .debug_info    0x00002167      0x1d5 ./src/MFMI_program.o
 .debug_info    0x0000233c      0x364 ./src/MGPIO_program.o
 .debug_info    0x000026a0      0x307 ./src/MRCC_program.o
 .debug_info    0x000029a7       0xb4 ./src/MSCB_program.o
 .debug_info    0x00002a5b      0x341 ./src/MSTK_program.o
 .debug_info    0x00002d9c      0x590 ./src/MUART_program.o
 .debug_info    0x0000332c      0x678 ./src/SHexParser_program.o
 .debug_info    0x000039a4      0x55e ./src/main.o
 .debug_info    0x00003f02       0xd3 d:/courses/embeddedsystems/eclipse/winarm/armgcc/12.3.1-1.1.1/.content/bin/../lib/gcc/arm-none-eabi/12.3.1/thumb/v7e-m/nofp\libgcc.a(_arm_addsubdf3.o)
 .debug_info    0x00003fd5       0x57 d:/courses/embeddedsystems/eclipse/winarm/armgcc/12.3.1-1.1.1/.content/bin/../lib/gcc/arm-none-eabi/12.3.1/thumb/v7e-m/nofp\libgcc.a(_arm_muldivdf3.o)
 .debug_info    0x0000402c       0x3c d:/courses/embeddedsystems/eclipse/winarm/armgcc/12.3.1-1.1.1/.content/bin/../lib/gcc/arm-none-eabi/12.3.1/thumb/v7e-m/nofp\libgcc.a(_arm_fixunsdfsi.o)

.debug_abbrev   0x00000000     0x189d
 *(.debug_abbrev)
 .debug_abbrev  0x00000000       0xc5 ./system/src/newlib/exit.o
 .debug_abbrev  0x000000c5       0xcc ./system/src/newlib/sbrk.o
 .debug_abbrev  0x00000191      0x25a ./system/src/newlib/startup.o
 .debug_abbrev  0x000003eb      0x118 ./system/src/newlib/syscalls.o
 .debug_abbrev  0x00000503      0x1e6 ./system/src/diag/trace-impl.o
 .debug_abbrev  0x000006e9      0x184 ./system/src/diag/trace.o
 .debug_abbrev  0x0000086d      0x28c ./system/src/cortexm/exception-handlers.o
 .debug_abbrev  0x00000af9      0x105 ./system/src/cortexm/initialize-hardware.o
 .debug_abbrev  0x00000bfe      0x121 ./system/src/cmsis/system_stm32f4xx.o
 .debug_abbrev  0x00000d1f       0xb8 ./system/src/cmsis/vectors_stm32f401xc.o
 .debug_abbrev  0x00000dd7      0x128 ./src/MFMI_program.o
 .debug_abbrev  0x00000eff      0x12c ./src/MGPIO_program.o
 .debug_abbrev  0x0000102b       0xde ./src/MRCC_program.o
 .debug_abbrev  0x00001109       0x80 ./src/MSCB_program.o
 .debug_abbrev  0x00001189       0xff ./src/MSTK_program.o
 .debug_abbrev  0x00001288      0x21a ./src/MUART_program.o
 .debug_abbrev  0x000014a2      0x1db ./src/SHexParser_program.o
 .debug_abbrev  0x0000167d      0x1a8 ./src/main.o
 .debug_abbrev  0x00001825       0x28 d:/courses/embeddedsystems/eclipse/winarm/armgcc/12.3.1-1.1.1/.content/bin/../lib/gcc/arm-none-eabi/12.3.1/thumb/v7e-m/nofp\libgcc.a(_arm_addsubdf3.o)
 .debug_abbrev  0x0000184d       0x28 d:/courses/embeddedsystems/eclipse/winarm/armgcc/12.3.1-1.1.1/.content/bin/../lib/gcc/arm-none-eabi/12.3.1/thumb/v7e-m/nofp\libgcc.a(_arm_muldivdf3.o)
 .debug_abbrev  0x00001875       0x28 d:/courses/embeddedsystems/eclipse/winarm/armgcc/12.3.1-1.1.1/.content/bin/../lib/gcc/arm-none-eabi/12.3.1/thumb/v7e-m/nofp\libgcc.a(_arm_fixunsdfsi.o)

.debug_line     0x00000000     0x64f2
 *(.debug_line)
 .debug_line    0x00000000      0x3a6 ./system/src/newlib/exit.o
 .debug_line    0x000003a6      0x397 ./system/src/newlib/sbrk.o
 .debug_line    0x0000073d      0x621 ./system/src/newlib/startup.o
 .debug_line    0x00000d5e      0x4d4 ./system/src/newlib/syscalls.o
 .debug_line    0x00001232      0xb99 ./system/src/diag/trace-impl.o
 .debug_line    0x00001dcb      0x481 ./system/src/diag/trace.o
 .debug_line    0x0000224c      0xde1 ./system/src/cortexm/exception-handlers.o
 .debug_line    0x0000302d      0x846 ./system/src/cortexm/initialize-hardware.o
 .debug_line    0x00003873      0x8d8 ./system/src/cmsis/system_stm32f4xx.o
 .debug_line    0x0000414b      0x12a ./system/src/cmsis/vectors_stm32f401xc.o
 .debug_line    0x00004275      0x218 ./src/MFMI_program.o
 .debug_line    0x0000448d      0x655 ./src/MGPIO_program.o
 .debug_line    0x00004ae2      0x242 ./src/MRCC_program.o
 .debug_line    0x00004d24       0xe3 ./src/MSCB_program.o
 .debug_line    0x00004e07      0x350 ./src/MSTK_program.o
 .debug_line    0x00005157      0x697 ./src/MUART_program.o
 .debug_line    0x000057ee      0x6e8 ./src/SHexParser_program.o
 .debug_line    0x00005ed6      0x2cb ./src/main.o
 .debug_line    0x000061a1      0x16f d:/courses/embeddedsystems/eclipse/winarm/armgcc/12.3.1-1.1.1/.content/bin/../lib/gcc/arm-none-eabi/12.3.1/thumb/v7e-m/nofp\libgcc.a(_arm_addsubdf3.o)
 .debug_line    0x00006310      0x184 d:/courses/embeddedsystems/eclipse/winarm/armgcc/12.3.1-1.1.1/.content/bin/../lib/gcc/arm-none-eabi/12.3.1/thumb/v7e-m/nofp\libgcc.a(_arm_muldivdf3.o)
 .debug_line    0x00006494       0x5e d:/courses/embeddedsystems/eclipse/winarm/armgcc/12.3.1-1.1.1/.content/bin/../lib/gcc/arm-none-eabi/12.3.1/thumb/v7e-m/nofp\libgcc.a(_arm_fixunsdfsi.o)

.debug_frame    0x00000000      0xac4
 *(.debug_frame)
 .debug_frame   0x00000000       0x38 ./system/src/newlib/exit.o
 .debug_frame   0x00000038       0x28 ./system/src/newlib/sbrk.o
 .debug_frame   0x00000060       0x7c ./system/src/newlib/startup.o
 .debug_frame   0x000000dc       0x50 ./system/src/newlib/syscalls.o
 .debug_frame   0x0000012c       0x64 ./system/src/diag/trace-impl.o
 .debug_frame   0x00000190       0x94 ./system/src/diag/trace.o
 .debug_frame   0x00000224      0x158 ./system/src/cortexm/exception-handlers.o
 .debug_frame   0x0000037c       0x40 ./system/src/cortexm/initialize-hardware.o
 .debug_frame   0x000003bc       0x30 ./system/src/cmsis/system_stm32f4xx.o
 .debug_frame   0x000003ec       0x20 ./system/src/cmsis/vectors_stm32f401xc.o
 .debug_frame   0x0000040c       0x50 ./src/MFMI_program.o
 .debug_frame   0x0000045c       0xa0 ./src/MGPIO_program.o
 .debug_frame   0x000004fc       0x70 ./src/MRCC_program.o
 .debug_frame   0x0000056c       0x30 ./src/MSCB_program.o
 .debug_frame   0x0000059c      0x130 ./src/MSTK_program.o
 .debug_frame   0x000006cc      0x1d8 ./src/MUART_program.o
 .debug_frame   0x000008a4       0xb8 ./src/SHexParser_program.o
 .debug_frame   0x0000095c       0x48 ./src/main.o
 .debug_frame   0x000009a4       0xac d:/courses/embeddedsystems/eclipse/winarm/armgcc/12.3.1-1.1.1/.content/bin/../lib/gcc/arm-none-eabi/12.3.1/thumb/v7e-m/nofp\libgcc.a(_arm_addsubdf3.o)
 .debug_frame   0x00000a50       0x50 d:/courses/embeddedsystems/eclipse/winarm/armgcc/12.3.1-1.1.1/.content/bin/../lib/gcc/arm-none-eabi/12.3.1/thumb/v7e-m/nofp\libgcc.a(_arm_muldivdf3.o)
 .debug_frame   0x00000aa0       0x24 d:/courses/embeddedsystems/eclipse/winarm/armgcc/12.3.1-1.1.1/.content/bin/../lib/gcc/arm-none-eabi/12.3.1/thumb/v7e-m/nofp\libgcc.a(_arm_fixunsdfsi.o)

.debug_str      0x00000000    0xa9dcb
 *(.debug_str)
 .debug_str     0x00000000     0x7a7d ./system/src/newlib/exit.o
                               0x7be3 (size before relaxing)
 .debug_str     0x00007a7d      0x4df ./system/src/newlib/sbrk.o
                               0x6fc6 (size before relaxing)
 .debug_str     0x00007f5c      0xc28 ./system/src/newlib/startup.o
                               0x66d8 (size before relaxing)
 .debug_str     0x00008b84     0x1513 ./system/src/newlib/syscalls.o
                               0x8f55 (size before relaxing)
 .debug_str     0x0000a097    0x9c625 ./system/src/diag/trace-impl.o
                              0xa3a8d (size before relaxing)
 .debug_str     0x000a66bc      0x7f6 ./system/src/diag/trace.o
                               0x8357 (size before relaxing)
 .debug_str     0x000a6eb2      0x20c ./system/src/cortexm/exception-handlers.o
                              0xa4d63 (size before relaxing)
 .debug_str     0x000a70be       0x5d ./system/src/cortexm/initialize-hardware.o
                              0xa006d (size before relaxing)
 .debug_str     0x000a711b      0x182 ./system/src/cmsis/system_stm32f4xx.o
                              0xa016d (size before relaxing)
 .debug_str     0x000a729d       0x59 ./system/src/cmsis/vectors_stm32f401xc.o
                               0x39e8 (size before relaxing)
 .debug_str     0x000a72f6      0x409 ./src/MFMI_program.o
                               0x3271 (size before relaxing)
 .debug_str     0x000a76ff      0x715 ./src/MGPIO_program.o
                               0x364d (size before relaxing)
 .debug_str     0x000a7e14      0x852 ./src/MRCC_program.o
                               0x3867 (size before relaxing)
 .debug_str     0x000a8666      0x100 ./src/MSCB_program.o
                               0x3038 (size before relaxing)
 .debug_str     0x000a8766      0x3ca ./src/MSTK_program.o
                               0x3312 (size before relaxing)
 .debug_str     0x000a8b30      0xd91 ./src/MUART_program.o
                               0x3d05 (size before relaxing)
 .debug_str     0x000a98c1      0x278 ./src/SHexParser_program.o
                               0x3446 (size before relaxing)
 .debug_str     0x000a9b39       0xb2 ./src/main.o
                               0x3ca4 (size before relaxing)
 .debug_str     0x000a9beb      0x1c1 d:/courses/embeddedsystems/eclipse/winarm/armgcc/12.3.1-1.1.1/.content/bin/../lib/gcc/arm-none-eabi/12.3.1/thumb/v7e-m/nofp\libgcc.a(_arm_addsubdf3.o)
                                0x1ce (size before relaxing)
 .debug_str     0x000a9dac       0x12 d:/courses/embeddedsystems/eclipse/winarm/armgcc/12.3.1-1.1.1/.content/bin/../lib/gcc/arm-none-eabi/12.3.1/thumb/v7e-m/nofp\libgcc.a(_arm_muldivdf3.o)
                                0x14e (size before relaxing)
 .debug_str     0x000a9dbe        0xd d:/courses/embeddedsystems/eclipse/winarm/armgcc/12.3.1-1.1.1/.content/bin/../lib/gcc/arm-none-eabi/12.3.1/thumb/v7e-m/nofp\libgcc.a(_arm_fixunsdfsi.o)
                                0x13d (size before relaxing)

.debug_loc
 *(.debug_loc)

.debug_macinfo
 *(.debug_macinfo)

.debug_weaknames
 *(.debug_weaknames)

.debug_funcnames
 *(.debug_funcnames)

.debug_typenames
 *(.debug_typenames)

.debug_varnames
 *(.debug_varnames)
OUTPUT(Bootloader.elf elf32-littlearm)
LOAD linker stubs

.debug_loclists
                0x00000000     0x14a0
 .debug_loclists
                0x00000000       0x17 ./system/src/newlib/exit.o
 .debug_loclists
                0x00000017       0x69 ./system/src/newlib/sbrk.o
 .debug_loclists
                0x00000080      0x2b7 ./system/src/newlib/startup.o
 .debug_loclists
                0x00000337       0x51 ./system/src/newlib/syscalls.o
 .debug_loclists
                0x00000388       0xf5 ./system/src/diag/trace-impl.o
 .debug_loclists
                0x0000047d       0xb2 ./system/src/diag/trace.o
 .debug_loclists
                0x0000052f      0x203 ./system/src/cortexm/exception-handlers.o
 .debug_loclists
                0x00000732       0xdb ./system/src/cmsis/system_stm32f4xx.o
 .debug_loclists
                0x0000080d       0xab ./src/MFMI_program.o
 .debug_loclists
                0x000008b8      0x428 ./src/MGPIO_program.o
 .debug_loclists
                0x00000ce0       0xa0 ./src/MRCC_program.o
 .debug_loclists
                0x00000d80       0xab ./src/MSTK_program.o
 .debug_loclists
                0x00000e2b      0x138 ./src/MUART_program.o
 .debug_loclists
                0x00000f63      0x501 ./src/SHexParser_program.o
 .debug_loclists
                0x00001464       0x3c ./src/main.o

.debug_rnglists
                0x00000000      0x3b7
 .debug_rnglists
                0x00000000       0x19 ./system/src/newlib/exit.o
 .debug_rnglists
                0x00000019       0x13 ./system/src/newlib/sbrk.o
 .debug_rnglists
                0x0000002c       0x50 ./system/src/newlib/startup.o
 .debug_rnglists
                0x0000007c       0x1f ./system/src/newlib/syscalls.o
 .debug_rnglists
                0x0000009b       0x2b ./system/src/diag/trace-impl.o
 .debug_rnglists
                0x000000c6       0x25 ./system/src/diag/trace.o
 .debug_rnglists
                0x000000eb       0x74 ./system/src/cortexm/exception-handlers.o
 .debug_rnglists
                0x0000015f       0x19 ./system/src/cortexm/initialize-hardware.o
 .debug_rnglists
                0x00000178       0x1a ./system/src/cmsis/system_stm32f4xx.o
 .debug_rnglists
                0x00000192       0x13 ./system/src/cmsis/vectors_stm32f401xc.o
 .debug_rnglists
                0x000001a5       0x20 ./src/MFMI_program.o
 .debug_rnglists
                0x000001c5       0x43 ./src/MGPIO_program.o
 .debug_rnglists
                0x00000208       0x31 ./src/MRCC_program.o
 .debug_rnglists
                0x00000239       0x19 ./src/MSCB_program.o
 .debug_rnglists
                0x00000252       0x67 ./src/MSTK_program.o
 .debug_rnglists
                0x000002b9       0xaf ./src/MUART_program.o
 .debug_rnglists
                0x00000368       0x34 ./src/SHexParser_program.o
 .debug_rnglists
                0x0000039c       0x1b ./src/main.o

.debug_macro    0x00000000     0x3bab
 .debug_macro   0x00000000      0x1ae ./system/src/newlib/exit.o
 .debug_macro   0x000001ae      0x163 ./system/src/newlib/sbrk.o
 .debug_macro   0x00000311       0x10 ./system/src/newlib/sbrk.o
 .debug_macro   0x00000321      0x23c ./system/src/newlib/sbrk.o
 .debug_macro   0x0000055d      0x15f ./system/src/newlib/startup.o
 .debug_macro   0x000006bc      0xac0 ./system/src/newlib/startup.o
 .debug_macro   0x0000117c      0x239 ./system/src/newlib/syscalls.o
 .debug_macro   0x000013b5       0x1c ./system/src/newlib/syscalls.o
 .debug_macro   0x000013d1       0x10 ./system/src/newlib/syscalls.o
 .debug_macro   0x000013e1       0x10 ./system/src/newlib/syscalls.o
 .debug_macro   0x000013f1       0x10 ./system/src/newlib/syscalls.o
 .debug_macro   0x00001401       0x35 ./system/src/newlib/syscalls.o
 .debug_macro   0x00001436      0x12c ./system/src/newlib/syscalls.o
 .debug_macro   0x00001562       0xce ./system/src/newlib/syscalls.o
 .debug_macro   0x00001630       0x7c ./system/src/newlib/syscalls.o
 .debug_macro   0x000016ac       0x17 ./system/src/newlib/syscalls.o
 .debug_macro   0x000016c3      0x118 ./system/src/newlib/syscalls.o
 .debug_macro   0x000017db      0x18a ./system/src/newlib/syscalls.o
 .debug_macro   0x00001965       0x16 ./system/src/newlib/syscalls.o
 .debug_macro   0x0000197b      0x4e6 ./system/src/diag/trace-impl.o
 .debug_macro   0x00001e61       0x10 ./system/src/diag/trace-impl.o
 .debug_macro   0x00001e71       0x22 ./system/src/diag/trace-impl.o
 .debug_macro   0x00001e93      0x1f4 ./system/src/diag/trace.o
 .debug_macro   0x00002087       0x16 ./system/src/diag/trace.o
 .debug_macro   0x0000209d       0x9e ./system/src/diag/trace.o
 .debug_macro   0x0000213b      0x10b ./system/src/diag/trace.o
 .debug_macro   0x00002246       0x10 ./system/src/diag/trace.o
 .debug_macro   0x00002256       0x16 ./system/src/diag/trace.o
 .debug_macro   0x0000226c       0x16 ./system/src/diag/trace.o
 .debug_macro   0x00002282      0x170 ./system/src/diag/trace.o
 .debug_macro   0x000023f2       0x4c ./system/src/diag/trace.o
 .debug_macro   0x0000243e       0xc1 ./system/src/diag/trace.o
 .debug_macro   0x000024ff       0x16 ./system/src/diag/trace.o
 .debug_macro   0x00002515      0x544 ./system/src/cortexm/exception-handlers.o
 .debug_macro   0x00002a59       0x10 ./system/src/cortexm/exception-handlers.o
 .debug_macro   0x00002a69      0x390 ./system/src/cortexm/initialize-hardware.o
 .debug_macro   0x00002df9      0x38c ./system/src/cmsis/system_stm32f4xx.o
 .debug_macro   0x00003185       0x34 ./system/src/cmsis/vectors_stm32f401xc.o
 .debug_macro   0x000031b9       0x3e ./src/MFMI_program.o
 .debug_macro   0x000031f7       0x16 ./src/MFMI_program.o
 .debug_macro   0x0000320d       0x22 ./src/MFMI_program.o
 .debug_macro   0x0000322f       0x52 ./src/MFMI_program.o
 .debug_macro   0x00003281       0x94 ./src/MFMI_program.o
 .debug_macro   0x00003315       0x10 ./src/MFMI_program.o
 .debug_macro   0x00003325       0x3f ./src/MGPIO_program.o
 .debug_macro   0x00003364      0x142 ./src/MGPIO_program.o
 .debug_macro   0x000034a6       0x6a ./src/MGPIO_program.o
 .debug_macro   0x00003510       0x3e ./src/MRCC_program.o
 .debug_macro   0x0000354e      0x1a4 ./src/MRCC_program.o
 .debug_macro   0x000036f2       0xa6 ./src/MRCC_program.o
 .debug_macro   0x00003798       0x1c ./src/MRCC_program.o
 .debug_macro   0x000037b4       0x40 ./src/MSCB_program.o
 .debug_macro   0x000037f4       0x22 ./src/MSCB_program.o
 .debug_macro   0x00003816       0x3e ./src/MSTK_program.o
 .debug_macro   0x00003854       0x24 ./src/MSTK_program.o
 .debug_macro   0x00003878       0x4c ./src/MSTK_program.o
 .debug_macro   0x000038c4       0x1c ./src/MSTK_program.o
 .debug_macro   0x000038e0       0x3e ./src/MUART_program.o
 .debug_macro   0x0000391e       0x7a ./src/MUART_program.o
 .debug_macro   0x00003998       0x7c ./src/MUART_program.o
 .debug_macro   0x00003a14       0xd4 ./src/MUART_program.o
 .debug_macro   0x00003ae8       0x53 ./src/SHexParser_program.o
 .debug_macro   0x00003b3b       0x70 ./src/main.o

.debug_line_str
                0x00000000      0x114
 .debug_line_str
                0x00000000      0x114 d:/courses/embeddedsystems/eclipse/winarm/armgcc/12.3.1-1.1.1/.content/bin/../lib/gcc/arm-none-eabi/12.3.1/thumb/v7e-m/nofp\libgcc.a(_arm_addsubdf3.o)
 .debug_line_str
                0x00000114      0x114 d:/courses/embeddedsystems/eclipse/winarm/armgcc/12.3.1-1.1.1/.content/bin/../lib/gcc/arm-none-eabi/12.3.1/thumb/v7e-m/nofp\libgcc.a(_arm_muldivdf3.o)
 .debug_line_str
                0x00000114      0x114 d:/courses/embeddedsystems/eclipse/winarm/armgcc/12.3.1-1.1.1/.content/bin/../lib/gcc/arm-none-eabi/12.3.1/thumb/v7e-m/nofp\libgcc.a(_arm_fixunsdfsi.o)
